Archive member included to satisfy reference by file (symbol)

d:/program files (x86)/atmel/studio/7.0/toolchain/avr8/avr8-gnu-toolchain/bin/../lib/gcc/avr/5.4.0/../../../../avr/lib/avr5\libm.a(addsf3.o)
                              LED.o (__subsf3)
d:/program files (x86)/atmel/studio/7.0/toolchain/avr8/avr8-gnu-toolchain/bin/../lib/gcc/avr/5.4.0/../../../../avr/lib/avr5\libm.a(addsf3x.o)
                              d:/program files (x86)/atmel/studio/7.0/toolchain/avr8/avr8-gnu-toolchain/bin/../lib/gcc/avr/5.4.0/../../../../avr/lib/avr5\libm.a(addsf3.o) (__addsf3x)
d:/program files (x86)/atmel/studio/7.0/toolchain/avr8/avr8-gnu-toolchain/bin/../lib/gcc/avr/5.4.0/../../../../avr/lib/avr5\libm.a(divsf3.o)
                              LED.o (__divsf3)
d:/program files (x86)/atmel/studio/7.0/toolchain/avr8/avr8-gnu-toolchain/bin/../lib/gcc/avr/5.4.0/../../../../avr/lib/avr5\libm.a(divsf3x.o)
                              d:/program files (x86)/atmel/studio/7.0/toolchain/avr8/avr8-gnu-toolchain/bin/../lib/gcc/avr/5.4.0/../../../../avr/lib/avr5\libm.a(divsf3.o) (__divsf3x)
d:/program files (x86)/atmel/studio/7.0/toolchain/avr8/avr8-gnu-toolchain/bin/../lib/gcc/avr/5.4.0/../../../../avr/lib/avr5\libm.a(fixsfsi.o)
                              DS3231.o (__fixsfsi)
d:/program files (x86)/atmel/studio/7.0/toolchain/avr8/avr8-gnu-toolchain/bin/../lib/gcc/avr/5.4.0/../../../../avr/lib/avr5\libm.a(fixunssfsi.o)
                              LED.o (__fixunssfsi)
d:/program files (x86)/atmel/studio/7.0/toolchain/avr8/avr8-gnu-toolchain/bin/../lib/gcc/avr/5.4.0/../../../../avr/lib/avr5\libm.a(floatsisf.o)
                              LED.o (__floatunsisf)
d:/program files (x86)/atmel/studio/7.0/toolchain/avr8/avr8-gnu-toolchain/bin/../lib/gcc/avr/5.4.0/../../../../avr/lib/avr5\libm.a(fp_inf.o)
                              d:/program files (x86)/atmel/studio/7.0/toolchain/avr8/avr8-gnu-toolchain/bin/../lib/gcc/avr/5.4.0/../../../../avr/lib/avr5\libm.a(addsf3x.o) (__fp_inf)
d:/program files (x86)/atmel/studio/7.0/toolchain/avr8/avr8-gnu-toolchain/bin/../lib/gcc/avr/5.4.0/../../../../avr/lib/avr5\libm.a(fp_nan.o)
                              d:/program files (x86)/atmel/studio/7.0/toolchain/avr8/avr8-gnu-toolchain/bin/../lib/gcc/avr/5.4.0/../../../../avr/lib/avr5\libm.a(addsf3x.o) (__fp_nan)
d:/program files (x86)/atmel/studio/7.0/toolchain/avr8/avr8-gnu-toolchain/bin/../lib/gcc/avr/5.4.0/../../../../avr/lib/avr5\libm.a(fp_pscA.o)
                              d:/program files (x86)/atmel/studio/7.0/toolchain/avr8/avr8-gnu-toolchain/bin/../lib/gcc/avr/5.4.0/../../../../avr/lib/avr5\libm.a(addsf3x.o) (__fp_pscA)
d:/program files (x86)/atmel/studio/7.0/toolchain/avr8/avr8-gnu-toolchain/bin/../lib/gcc/avr/5.4.0/../../../../avr/lib/avr5\libm.a(fp_pscB.o)
                              d:/program files (x86)/atmel/studio/7.0/toolchain/avr8/avr8-gnu-toolchain/bin/../lib/gcc/avr/5.4.0/../../../../avr/lib/avr5\libm.a(addsf3x.o) (__fp_pscB)
d:/program files (x86)/atmel/studio/7.0/toolchain/avr8/avr8-gnu-toolchain/bin/../lib/gcc/avr/5.4.0/../../../../avr/lib/avr5\libm.a(fp_round.o)
                              d:/program files (x86)/atmel/studio/7.0/toolchain/avr8/avr8-gnu-toolchain/bin/../lib/gcc/avr/5.4.0/../../../../avr/lib/avr5\libm.a(addsf3.o) (__fp_round)
d:/program files (x86)/atmel/studio/7.0/toolchain/avr8/avr8-gnu-toolchain/bin/../lib/gcc/avr/5.4.0/../../../../avr/lib/avr5\libm.a(fp_split3.o)
                              d:/program files (x86)/atmel/studio/7.0/toolchain/avr8/avr8-gnu-toolchain/bin/../lib/gcc/avr/5.4.0/../../../../avr/lib/avr5\libm.a(addsf3x.o) (__fp_split3)
d:/program files (x86)/atmel/studio/7.0/toolchain/avr8/avr8-gnu-toolchain/bin/../lib/gcc/avr/5.4.0/../../../../avr/lib/avr5\libm.a(fp_zero.o)
                              d:/program files (x86)/atmel/studio/7.0/toolchain/avr8/avr8-gnu-toolchain/bin/../lib/gcc/avr/5.4.0/../../../../avr/lib/avr5\libm.a(addsf3x.o) (__fp_zero)
d:/program files (x86)/atmel/studio/7.0/toolchain/avr8/avr8-gnu-toolchain/bin/../lib/gcc/avr/5.4.0/../../../../avr/lib/avr5\libm.a(gesf2.o)
                              LED.o (__gtsf2)
d:/program files (x86)/atmel/studio/7.0/toolchain/avr8/avr8-gnu-toolchain/bin/../lib/gcc/avr/5.4.0/../../../../avr/lib/avr5\libm.a(mulsf3.o)
                              DS3231.o (__mulsf3)
d:/program files (x86)/atmel/studio/7.0/toolchain/avr8/avr8-gnu-toolchain/bin/../lib/gcc/avr/5.4.0/../../../../avr/lib/avr5\libm.a(mulsf3x.o)
                              d:/program files (x86)/atmel/studio/7.0/toolchain/avr8/avr8-gnu-toolchain/bin/../lib/gcc/avr/5.4.0/../../../../avr/lib/avr5\libm.a(mulsf3.o) (__mulsf3x)
d:/program files (x86)/atmel/studio/7.0/toolchain/avr8/avr8-gnu-toolchain/bin/../lib/gcc/avr/5.4.0/../../../../avr/lib/avr5\libm.a(trunc.o)
                              LED.o (trunc)
d:/program files (x86)/atmel/studio/7.0/toolchain/avr8/avr8-gnu-toolchain/bin/../lib/gcc/avr/5.4.0/../../../../avr/lib/avr5\libm.a(fp_cmp.o)
                              d:/program files (x86)/atmel/studio/7.0/toolchain/avr8/avr8-gnu-toolchain/bin/../lib/gcc/avr/5.4.0/../../../../avr/lib/avr5\libm.a(gesf2.o) (__fp_cmp)
d:/program files (x86)/atmel/studio/7.0/toolchain/avr8/avr8-gnu-toolchain/bin/../lib/gcc/avr/5.4.0/../../../../avr/lib/avr5\libm.a(fp_mintl.o)
                              d:/program files (x86)/atmel/studio/7.0/toolchain/avr8/avr8-gnu-toolchain/bin/../lib/gcc/avr/5.4.0/../../../../avr/lib/avr5\libm.a(trunc.o) (__fp_mintl)
d:/program files (x86)/atmel/studio/7.0/toolchain/avr8/avr8-gnu-toolchain/bin/../lib/gcc/avr/5.4.0/../../../../avr/lib/avr5\libm.a(fp_mpack.o)
                              d:/program files (x86)/atmel/studio/7.0/toolchain/avr8/avr8-gnu-toolchain/bin/../lib/gcc/avr/5.4.0/../../../../avr/lib/avr5\libm.a(trunc.o) (__fp_mpack)
d:/program files (x86)/atmel/studio/7.0/toolchain/avr8/avr8-gnu-toolchain/bin/../lib/gcc/avr/5.4.0/../../../../avr/lib/avr5\libm.a(fp_trunc.o)
                              d:/program files (x86)/atmel/studio/7.0/toolchain/avr8/avr8-gnu-toolchain/bin/../lib/gcc/avr/5.4.0/../../../../avr/lib/avr5\libm.a(trunc.o) (__fp_trunc)
d:/program files (x86)/atmel/studio/7.0/toolchain/avr8/avr8-gnu-toolchain/bin/../lib/gcc/avr/5.4.0/avr5\libgcc.a(_udivmodsi4.o)
                              main.o (__udivmodsi4)
d:/program files (x86)/atmel/studio/7.0/toolchain/avr8/avr8-gnu-toolchain/bin/../lib/gcc/avr/5.4.0/avr5\libgcc.a(_exit.o)
                              d:/program files (x86)/atmel/studio/7.0/toolchain/avr8/avr8-gnu-toolchain/bin/../lib/gcc/avr/5.4.0/../../../../avr/lib/avr5/crtatmega328p.o (exit)
d:/program files (x86)/atmel/studio/7.0/toolchain/avr8/avr8-gnu-toolchain/bin/../lib/gcc/avr/5.4.0/avr5\libgcc.a(_tablejump2.o)
                              main.o (__tablejump2__)
d:/program files (x86)/atmel/studio/7.0/toolchain/avr8/avr8-gnu-toolchain/bin/../lib/gcc/avr/5.4.0/avr5\libgcc.a(_copy_data.o)
                              DS3231.o (__do_copy_data)
d:/program files (x86)/atmel/studio/7.0/toolchain/avr8/avr8-gnu-toolchain/bin/../lib/gcc/avr/5.4.0/avr5\libgcc.a(_clear_bss.o)
                              infrared.o (__do_clear_bss)
d:/program files (x86)/atmel/studio/7.0/toolchain/avr8/avr8-gnu-toolchain/bin/../lib/gcc/avr/5.4.0/avr5\libgcc.a(_ctors.o)
                              main.o (__do_global_ctors)
d:/program files (x86)/atmel/studio/7.0/toolchain/avr8/avr8-gnu-toolchain/bin/../lib/gcc/avr/5.4.0/avr5\libgcc.a(_umulhisi3.o)
                              DS3231.o (__umulhisi3)
d:/program files (x86)/atmel/studio/7.0/toolchain/avr8/avr8-gnu-toolchain/bin/../lib/gcc/avr/5.4.0/avr5\libgcc.a(_muluhisi3.o)
                              DS3231.o (__muluhisi3)
d:/program files (x86)/atmel/studio/7.0/toolchain/avr8/avr8-gnu-toolchain/bin/../lib/gcc/avr/5.4.0/../../../../avr/lib/avr5\libatmega328p.a(eerd_byte.o)
                              main.o (eeprom_read_byte)
d:/program files (x86)/atmel/studio/7.0/toolchain/avr8/avr8-gnu-toolchain/bin/../lib/gcc/avr/5.4.0/../../../../avr/lib/avr5\libatmega328p.a(eeupd_byte.o)
                              main.o (eeprom_update_byte)

Discarded input sections

 .data          0x00000000        0x0 d:/program files (x86)/atmel/studio/7.0/toolchain/avr8/avr8-gnu-toolchain/bin/../lib/gcc/avr/5.4.0/../../../../avr/lib/avr5/crtatmega328p.o
 .bss           0x00000000        0x0 d:/program files (x86)/atmel/studio/7.0/toolchain/avr8/avr8-gnu-toolchain/bin/../lib/gcc/avr/5.4.0/../../../../avr/lib/avr5/crtatmega328p.o
 .text          0x00000000        0x0 DS3231.o
 .data          0x00000000        0x0 DS3231.o
 .bss           0x00000000        0x0 DS3231.o
 .text._ZN4DateC2Ev
                0x00000000       0x14 DS3231.o
 .text._ZN6DS32317getDateEv
                0x00000000       0xc6 DS3231.o
 .text._ZN6DS32317setTimeEhhh
                0x00000000       0xb8 DS3231.o
 .text._ZN6DS32317setDateEhhj
                0x00000000       0xca DS3231.o
 .text._ZN6DS323111getUnixTimeE4Time4Date
                0x00000000      0x122 DS3231.o
 .text._ZN6DS32316setDOWEh
                0x00000000       0x12 DS3231.o
 .text._ZN6DS323122forceTemperatureUpdateEv
                0x00000000       0x1e DS3231.o
 .text._ZN6DS323110setSQWRateEi
                0x00000000       0x36 DS3231.o
 .text._ZN6DS32317setHourEh
                0x00000000       0x36 DS3231.o
 .rodata        0x00000000        0xc DS3231.o
 .text._ZN6DS32316setDOWEv
                0x00000000       0xf2 DS3231.o
 .text._ZN6DS32318decToBcdEh
                0x00000000       0x28 DS3231.o
 .text._ZN6DS32318bcdToDecEh
                0x00000000       0x16 DS3231.o
 .rodata._ZL3dim
                0x00000000        0xc DS3231.o
 .group         0x00000000        0x8 infrared.o
 .group         0x00000000        0x8 infrared.o
 .text          0x00000000        0x0 infrared.o
 .data          0x00000000        0x0 infrared.o
 .bss           0x00000000        0x0 infrared.o
 .text._Z7IREventhjj
                0x00000000       0x1a infrared.o
 .text          0x00000000        0x0 inits.o
 .data          0x00000000        0x0 inits.o
 .bss           0x00000000        0x0 inits.o
 .text          0x00000000        0x0 IRLremote.o
 .data          0x00000000        0x0 IRLremote.o
 .bss           0x00000000        0x0 IRLremote.o
 .text          0x00000000        0x0 timer0.o
 .data          0x00000000        0x0 timer0.o
 .bss           0x00000000        0x0 timer0.o
 .text._Z6microsv
                0x00000000       0x3e timer0.o
 .text          0x00000000        0x0 display.o
 .data          0x00000000        0x0 display.o
 .bss           0x00000000        0x0 display.o
 .text          0x00000000        0x0 i2cmaster.o
 .data          0x00000000        0x0 i2cmaster.o
 .bss           0x00000000        0x0 i2cmaster.o
 .text          0x00000000        0x0 LED.o
 .data          0x00000000        0x0 LED.o
 .bss           0x00000000        0x0 LED.o
 .text._Z15LED_with_factorR10RGB_vectorh
                0x00000000       0x10 LED.o
 .text          0x00000000        0x0 main.o
 .data          0x00000000        0x0 main.o
 .bss           0x00000000        0x0 main.o
 .text._Z10adjustHourh
                0x00000000        0x8 main.o
 .text._Z12adjustMinuteh
                0x00000000        0x8 main.o
 .text          0x00000000        0x0 OneButton2.o
 .data          0x00000000        0x0 OneButton2.o
 .bss           0x00000000        0x0 OneButton2.o
 .text._ZN9OneButton19attachLongPressStopEPFvvE
                0x00000000        0x8 OneButton2.o
 .text._ZN9OneButton13isLongPressedEv
                0x00000000        0x6 OneButton2.o
 .text          0x00000000        0x0 RGB_vector.o
 .data          0x00000000        0x0 RGB_vector.o
 .bss           0x00000000        0x0 RGB_vector.o
 .text          0x00000000        0x0 TM1637Display.o
 .data          0x00000000        0x0 TM1637Display.o
 .bss           0x00000000        0x0 TM1637Display.o
 .text._ZN13TM1637Display8bitDelayEv
                0x00000000        0xa TM1637Display.o
 .text          0x00000000        0x0 d:/program files (x86)/atmel/studio/7.0/toolchain/avr8/avr8-gnu-toolchain/bin/../lib/gcc/avr/5.4.0/../../../../avr/lib/avr5\libm.a(addsf3.o)
 .data          0x00000000        0x0 d:/program files (x86)/atmel/studio/7.0/toolchain/avr8/avr8-gnu-toolchain/bin/../lib/gcc/avr/5.4.0/../../../../avr/lib/avr5\libm.a(addsf3.o)
 .bss           0x00000000        0x0 d:/program files (x86)/atmel/studio/7.0/toolchain/avr8/avr8-gnu-toolchain/bin/../lib/gcc/avr/5.4.0/../../../../avr/lib/avr5\libm.a(addsf3.o)
 .text          0x00000000        0x0 d:/program files (x86)/atmel/studio/7.0/toolchain/avr8/avr8-gnu-toolchain/bin/../lib/gcc/avr/5.4.0/../../../../avr/lib/avr5\libm.a(addsf3x.o)
 .data          0x00000000        0x0 d:/program files (x86)/atmel/studio/7.0/toolchain/avr8/avr8-gnu-toolchain/bin/../lib/gcc/avr/5.4.0/../../../../avr/lib/avr5\libm.a(addsf3x.o)
 .bss           0x00000000        0x0 d:/program files (x86)/atmel/studio/7.0/toolchain/avr8/avr8-gnu-toolchain/bin/../lib/gcc/avr/5.4.0/../../../../avr/lib/avr5\libm.a(addsf3x.o)
 .text          0x00000000        0x0 d:/program files (x86)/atmel/studio/7.0/toolchain/avr8/avr8-gnu-toolchain/bin/../lib/gcc/avr/5.4.0/../../../../avr/lib/avr5\libm.a(divsf3.o)
 .data          0x00000000        0x0 d:/program files (x86)/atmel/studio/7.0/toolchain/avr8/avr8-gnu-toolchain/bin/../lib/gcc/avr/5.4.0/../../../../avr/lib/avr5\libm.a(divsf3.o)
 .bss           0x00000000        0x0 d:/program files (x86)/atmel/studio/7.0/toolchain/avr8/avr8-gnu-toolchain/bin/../lib/gcc/avr/5.4.0/../../../../avr/lib/avr5\libm.a(divsf3.o)
 .text          0x00000000        0x0 d:/program files (x86)/atmel/studio/7.0/toolchain/avr8/avr8-gnu-toolchain/bin/../lib/gcc/avr/5.4.0/../../../../avr/lib/avr5\libm.a(divsf3x.o)
 .data          0x00000000        0x0 d:/program files (x86)/atmel/studio/7.0/toolchain/avr8/avr8-gnu-toolchain/bin/../lib/gcc/avr/5.4.0/../../../../avr/lib/avr5\libm.a(divsf3x.o)
 .bss           0x00000000        0x0 d:/program files (x86)/atmel/studio/7.0/toolchain/avr8/avr8-gnu-toolchain/bin/../lib/gcc/avr/5.4.0/../../../../avr/lib/avr5\libm.a(divsf3x.o)
 .text          0x00000000        0x0 d:/program files (x86)/atmel/studio/7.0/toolchain/avr8/avr8-gnu-toolchain/bin/../lib/gcc/avr/5.4.0/../../../../avr/lib/avr5\libm.a(fixsfsi.o)
 .data          0x00000000        0x0 d:/program files (x86)/atmel/studio/7.0/toolchain/avr8/avr8-gnu-toolchain/bin/../lib/gcc/avr/5.4.0/../../../../avr/lib/avr5\libm.a(fixsfsi.o)
 .bss           0x00000000        0x0 d:/program files (x86)/atmel/studio/7.0/toolchain/avr8/avr8-gnu-toolchain/bin/../lib/gcc/avr/5.4.0/../../../../avr/lib/avr5\libm.a(fixsfsi.o)
 .text.avr-libc.fplib
                0x00000000        0xe d:/program files (x86)/atmel/studio/7.0/toolchain/avr8/avr8-gnu-toolchain/bin/../lib/gcc/avr/5.4.0/../../../../avr/lib/avr5\libm.a(fixsfsi.o)
 .text          0x00000000        0x0 d:/program files (x86)/atmel/studio/7.0/toolchain/avr8/avr8-gnu-toolchain/bin/../lib/gcc/avr/5.4.0/../../../../avr/lib/avr5\libm.a(fixunssfsi.o)
 .data          0x00000000        0x0 d:/program files (x86)/atmel/studio/7.0/toolchain/avr8/avr8-gnu-toolchain/bin/../lib/gcc/avr/5.4.0/../../../../avr/lib/avr5\libm.a(fixunssfsi.o)
 .bss           0x00000000        0x0 d:/program files (x86)/atmel/studio/7.0/toolchain/avr8/avr8-gnu-toolchain/bin/../lib/gcc/avr/5.4.0/../../../../avr/lib/avr5\libm.a(fixunssfsi.o)
 .text          0x00000000        0x0 d:/program files (x86)/atmel/studio/7.0/toolchain/avr8/avr8-gnu-toolchain/bin/../lib/gcc/avr/5.4.0/../../../../avr/lib/avr5\libm.a(floatsisf.o)
 .data          0x00000000        0x0 d:/program files (x86)/atmel/studio/7.0/toolchain/avr8/avr8-gnu-toolchain/bin/../lib/gcc/avr/5.4.0/../../../../avr/lib/avr5\libm.a(floatsisf.o)
 .bss           0x00000000        0x0 d:/program files (x86)/atmel/studio/7.0/toolchain/avr8/avr8-gnu-toolchain/bin/../lib/gcc/avr/5.4.0/../../../../avr/lib/avr5\libm.a(floatsisf.o)
 .text          0x00000000        0x0 d:/program files (x86)/atmel/studio/7.0/toolchain/avr8/avr8-gnu-toolchain/bin/../lib/gcc/avr/5.4.0/../../../../avr/lib/avr5\libm.a(fp_inf.o)
 .data          0x00000000        0x0 d:/program files (x86)/atmel/studio/7.0/toolchain/avr8/avr8-gnu-toolchain/bin/../lib/gcc/avr/5.4.0/../../../../avr/lib/avr5\libm.a(fp_inf.o)
 .bss           0x00000000        0x0 d:/program files (x86)/atmel/studio/7.0/toolchain/avr8/avr8-gnu-toolchain/bin/../lib/gcc/avr/5.4.0/../../../../avr/lib/avr5\libm.a(fp_inf.o)
 .text          0x00000000        0x0 d:/program files (x86)/atmel/studio/7.0/toolchain/avr8/avr8-gnu-toolchain/bin/../lib/gcc/avr/5.4.0/../../../../avr/lib/avr5\libm.a(fp_nan.o)
 .data          0x00000000        0x0 d:/program files (x86)/atmel/studio/7.0/toolchain/avr8/avr8-gnu-toolchain/bin/../lib/gcc/avr/5.4.0/../../../../avr/lib/avr5\libm.a(fp_nan.o)
 .bss           0x00000000        0x0 d:/program files (x86)/atmel/studio/7.0/toolchain/avr8/avr8-gnu-toolchain/bin/../lib/gcc/avr/5.4.0/../../../../avr/lib/avr5\libm.a(fp_nan.o)
 .text          0x00000000        0x0 d:/program files (x86)/atmel/studio/7.0/toolchain/avr8/avr8-gnu-toolchain/bin/../lib/gcc/avr/5.4.0/../../../../avr/lib/avr5\libm.a(fp_pscA.o)
 .data          0x00000000        0x0 d:/program files (x86)/atmel/studio/7.0/toolchain/avr8/avr8-gnu-toolchain/bin/../lib/gcc/avr/5.4.0/../../../../avr/lib/avr5\libm.a(fp_pscA.o)
 .bss           0x00000000        0x0 d:/program files (x86)/atmel/studio/7.0/toolchain/avr8/avr8-gnu-toolchain/bin/../lib/gcc/avr/5.4.0/../../../../avr/lib/avr5\libm.a(fp_pscA.o)
 .text          0x00000000        0x0 d:/program files (x86)/atmel/studio/7.0/toolchain/avr8/avr8-gnu-toolchain/bin/../lib/gcc/avr/5.4.0/../../../../avr/lib/avr5\libm.a(fp_pscB.o)
 .data          0x00000000        0x0 d:/program files (x86)/atmel/studio/7.0/toolchain/avr8/avr8-gnu-toolchain/bin/../lib/gcc/avr/5.4.0/../../../../avr/lib/avr5\libm.a(fp_pscB.o)
 .bss           0x00000000        0x0 d:/program files (x86)/atmel/studio/7.0/toolchain/avr8/avr8-gnu-toolchain/bin/../lib/gcc/avr/5.4.0/../../../../avr/lib/avr5\libm.a(fp_pscB.o)
 .text          0x00000000        0x0 d:/program files (x86)/atmel/studio/7.0/toolchain/avr8/avr8-gnu-toolchain/bin/../lib/gcc/avr/5.4.0/../../../../avr/lib/avr5\libm.a(fp_round.o)
 .data          0x00000000        0x0 d:/program files (x86)/atmel/studio/7.0/toolchain/avr8/avr8-gnu-toolchain/bin/../lib/gcc/avr/5.4.0/../../../../avr/lib/avr5\libm.a(fp_round.o)
 .bss           0x00000000        0x0 d:/program files (x86)/atmel/studio/7.0/toolchain/avr8/avr8-gnu-toolchain/bin/../lib/gcc/avr/5.4.0/../../../../avr/lib/avr5\libm.a(fp_round.o)
 .text          0x00000000        0x0 d:/program files (x86)/atmel/studio/7.0/toolchain/avr8/avr8-gnu-toolchain/bin/../lib/gcc/avr/5.4.0/../../../../avr/lib/avr5\libm.a(fp_split3.o)
 .data          0x00000000        0x0 d:/program files (x86)/atmel/studio/7.0/toolchain/avr8/avr8-gnu-toolchain/bin/../lib/gcc/avr/5.4.0/../../../../avr/lib/avr5\libm.a(fp_split3.o)
 .bss           0x00000000        0x0 d:/program files (x86)/atmel/studio/7.0/toolchain/avr8/avr8-gnu-toolchain/bin/../lib/gcc/avr/5.4.0/../../../../avr/lib/avr5\libm.a(fp_split3.o)
 .text          0x00000000        0x0 d:/program files (x86)/atmel/studio/7.0/toolchain/avr8/avr8-gnu-toolchain/bin/../lib/gcc/avr/5.4.0/../../../../avr/lib/avr5\libm.a(fp_zero.o)
 .data          0x00000000        0x0 d:/program files (x86)/atmel/studio/7.0/toolchain/avr8/avr8-gnu-toolchain/bin/../lib/gcc/avr/5.4.0/../../../../avr/lib/avr5\libm.a(fp_zero.o)
 .bss           0x00000000        0x0 d:/program files (x86)/atmel/studio/7.0/toolchain/avr8/avr8-gnu-toolchain/bin/../lib/gcc/avr/5.4.0/../../../../avr/lib/avr5\libm.a(fp_zero.o)
 .text          0x00000000        0x0 d:/program files (x86)/atmel/studio/7.0/toolchain/avr8/avr8-gnu-toolchain/bin/../lib/gcc/avr/5.4.0/../../../../avr/lib/avr5\libm.a(gesf2.o)
 .data          0x00000000        0x0 d:/program files (x86)/atmel/studio/7.0/toolchain/avr8/avr8-gnu-toolchain/bin/../lib/gcc/avr/5.4.0/../../../../avr/lib/avr5\libm.a(gesf2.o)
 .bss           0x00000000        0x0 d:/program files (x86)/atmel/studio/7.0/toolchain/avr8/avr8-gnu-toolchain/bin/../lib/gcc/avr/5.4.0/../../../../avr/lib/avr5\libm.a(gesf2.o)
 .text          0x00000000        0x0 d:/program files (x86)/atmel/studio/7.0/toolchain/avr8/avr8-gnu-toolchain/bin/../lib/gcc/avr/5.4.0/../../../../avr/lib/avr5\libm.a(mulsf3.o)
 .data          0x00000000        0x0 d:/program files (x86)/atmel/studio/7.0/toolchain/avr8/avr8-gnu-toolchain/bin/../lib/gcc/avr/5.4.0/../../../../avr/lib/avr5\libm.a(mulsf3.o)
 .bss           0x00000000        0x0 d:/program files (x86)/atmel/studio/7.0/toolchain/avr8/avr8-gnu-toolchain/bin/../lib/gcc/avr/5.4.0/../../../../avr/lib/avr5\libm.a(mulsf3.o)
 .text          0x00000000        0x0 d:/program files (x86)/atmel/studio/7.0/toolchain/avr8/avr8-gnu-toolchain/bin/../lib/gcc/avr/5.4.0/../../../../avr/lib/avr5\libm.a(mulsf3x.o)
 .data          0x00000000        0x0 d:/program files (x86)/atmel/studio/7.0/toolchain/avr8/avr8-gnu-toolchain/bin/../lib/gcc/avr/5.4.0/../../../../avr/lib/avr5\libm.a(mulsf3x.o)
 .bss           0x00000000        0x0 d:/program files (x86)/atmel/studio/7.0/toolchain/avr8/avr8-gnu-toolchain/bin/../lib/gcc/avr/5.4.0/../../../../avr/lib/avr5\libm.a(mulsf3x.o)
 .text          0x00000000        0x0 d:/program files (x86)/atmel/studio/7.0/toolchain/avr8/avr8-gnu-toolchain/bin/../lib/gcc/avr/5.4.0/../../../../avr/lib/avr5\libm.a(trunc.o)
 .data          0x00000000        0x0 d:/program files (x86)/atmel/studio/7.0/toolchain/avr8/avr8-gnu-toolchain/bin/../lib/gcc/avr/5.4.0/../../../../avr/lib/avr5\libm.a(trunc.o)
 .bss           0x00000000        0x0 d:/program files (x86)/atmel/studio/7.0/toolchain/avr8/avr8-gnu-toolchain/bin/../lib/gcc/avr/5.4.0/../../../../avr/lib/avr5\libm.a(trunc.o)
 .text          0x00000000        0x0 d:/program files (x86)/atmel/studio/7.0/toolchain/avr8/avr8-gnu-toolchain/bin/../lib/gcc/avr/5.4.0/../../../../avr/lib/avr5\libm.a(fp_cmp.o)
 .data          0x00000000        0x0 d:/program files (x86)/atmel/studio/7.0/toolchain/avr8/avr8-gnu-toolchain/bin/../lib/gcc/avr/5.4.0/../../../../avr/lib/avr5\libm.a(fp_cmp.o)
 .bss           0x00000000        0x0 d:/program files (x86)/atmel/studio/7.0/toolchain/avr8/avr8-gnu-toolchain/bin/../lib/gcc/avr/5.4.0/../../../../avr/lib/avr5\libm.a(fp_cmp.o)
 .text          0x00000000        0x0 d:/program files (x86)/atmel/studio/7.0/toolchain/avr8/avr8-gnu-toolchain/bin/../lib/gcc/avr/5.4.0/../../../../avr/lib/avr5\libm.a(fp_mintl.o)
 .data          0x00000000        0x0 d:/program files (x86)/atmel/studio/7.0/toolchain/avr8/avr8-gnu-toolchain/bin/../lib/gcc/avr/5.4.0/../../../../avr/lib/avr5\libm.a(fp_mintl.o)
 .bss           0x00000000        0x0 d:/program files (x86)/atmel/studio/7.0/toolchain/avr8/avr8-gnu-toolchain/bin/../lib/gcc/avr/5.4.0/../../../../avr/lib/avr5\libm.a(fp_mintl.o)
 .text          0x00000000        0x0 d:/program files (x86)/atmel/studio/7.0/toolchain/avr8/avr8-gnu-toolchain/bin/../lib/gcc/avr/5.4.0/../../../../avr/lib/avr5\libm.a(fp_mpack.o)
 .data          0x00000000        0x0 d:/program files (x86)/atmel/studio/7.0/toolchain/avr8/avr8-gnu-toolchain/bin/../lib/gcc/avr/5.4.0/../../../../avr/lib/avr5\libm.a(fp_mpack.o)
 .bss           0x00000000        0x0 d:/program files (x86)/atmel/studio/7.0/toolchain/avr8/avr8-gnu-toolchain/bin/../lib/gcc/avr/5.4.0/../../../../avr/lib/avr5\libm.a(fp_mpack.o)
 .text          0x00000000        0x0 d:/program files (x86)/atmel/studio/7.0/toolchain/avr8/avr8-gnu-toolchain/bin/../lib/gcc/avr/5.4.0/../../../../avr/lib/avr5\libm.a(fp_trunc.o)
 .data          0x00000000        0x0 d:/program files (x86)/atmel/studio/7.0/toolchain/avr8/avr8-gnu-toolchain/bin/../lib/gcc/avr/5.4.0/../../../../avr/lib/avr5\libm.a(fp_trunc.o)
 .bss           0x00000000        0x0 d:/program files (x86)/atmel/studio/7.0/toolchain/avr8/avr8-gnu-toolchain/bin/../lib/gcc/avr/5.4.0/../../../../avr/lib/avr5\libm.a(fp_trunc.o)
 .text          0x00000000        0x0 d:/program files (x86)/atmel/studio/7.0/toolchain/avr8/avr8-gnu-toolchain/bin/../lib/gcc/avr/5.4.0/avr5\libgcc.a(_udivmodsi4.o)
 .data          0x00000000        0x0 d:/program files (x86)/atmel/studio/7.0/toolchain/avr8/avr8-gnu-toolchain/bin/../lib/gcc/avr/5.4.0/avr5\libgcc.a(_udivmodsi4.o)
 .bss           0x00000000        0x0 d:/program files (x86)/atmel/studio/7.0/toolchain/avr8/avr8-gnu-toolchain/bin/../lib/gcc/avr/5.4.0/avr5\libgcc.a(_udivmodsi4.o)
 .text.libgcc.mul
                0x00000000        0x0 d:/program files (x86)/atmel/studio/7.0/toolchain/avr8/avr8-gnu-toolchain/bin/../lib/gcc/avr/5.4.0/avr5\libgcc.a(_udivmodsi4.o)
 .text.libgcc   0x00000000        0x0 d:/program files (x86)/atmel/studio/7.0/toolchain/avr8/avr8-gnu-toolchain/bin/../lib/gcc/avr/5.4.0/avr5\libgcc.a(_udivmodsi4.o)
 .text.libgcc.prologue
                0x00000000        0x0 d:/program files (x86)/atmel/studio/7.0/toolchain/avr8/avr8-gnu-toolchain/bin/../lib/gcc/avr/5.4.0/avr5\libgcc.a(_udivmodsi4.o)
 .text.libgcc.builtins
                0x00000000        0x0 d:/program files (x86)/atmel/studio/7.0/toolchain/avr8/avr8-gnu-toolchain/bin/../lib/gcc/avr/5.4.0/avr5\libgcc.a(_udivmodsi4.o)
 .text.libgcc.fmul
                0x00000000        0x0 d:/program files (x86)/atmel/studio/7.0/toolchain/avr8/avr8-gnu-toolchain/bin/../lib/gcc/avr/5.4.0/avr5\libgcc.a(_udivmodsi4.o)
 .text.libgcc.fixed
                0x00000000        0x0 d:/program files (x86)/atmel/studio/7.0/toolchain/avr8/avr8-gnu-toolchain/bin/../lib/gcc/avr/5.4.0/avr5\libgcc.a(_udivmodsi4.o)
 .text          0x00000000        0x0 d:/program files (x86)/atmel/studio/7.0/toolchain/avr8/avr8-gnu-toolchain/bin/../lib/gcc/avr/5.4.0/avr5\libgcc.a(_exit.o)
 .data          0x00000000        0x0 d:/program files (x86)/atmel/studio/7.0/toolchain/avr8/avr8-gnu-toolchain/bin/../lib/gcc/avr/5.4.0/avr5\libgcc.a(_exit.o)
 .bss           0x00000000        0x0 d:/program files (x86)/atmel/studio/7.0/toolchain/avr8/avr8-gnu-toolchain/bin/../lib/gcc/avr/5.4.0/avr5\libgcc.a(_exit.o)
 .text.libgcc.mul
                0x00000000        0x0 d:/program files (x86)/atmel/studio/7.0/toolchain/avr8/avr8-gnu-toolchain/bin/../lib/gcc/avr/5.4.0/avr5\libgcc.a(_exit.o)
 .text.libgcc.div
                0x00000000        0x0 d:/program files (x86)/atmel/studio/7.0/toolchain/avr8/avr8-gnu-toolchain/bin/../lib/gcc/avr/5.4.0/avr5\libgcc.a(_exit.o)
 .text.libgcc   0x00000000        0x0 d:/program files (x86)/atmel/studio/7.0/toolchain/avr8/avr8-gnu-toolchain/bin/../lib/gcc/avr/5.4.0/avr5\libgcc.a(_exit.o)
 .text.libgcc.prologue
                0x00000000        0x0 d:/program files (x86)/atmel/studio/7.0/toolchain/avr8/avr8-gnu-toolchain/bin/../lib/gcc/avr/5.4.0/avr5\libgcc.a(_exit.o)
 .text.libgcc.builtins
                0x00000000        0x0 d:/program files (x86)/atmel/studio/7.0/toolchain/avr8/avr8-gnu-toolchain/bin/../lib/gcc/avr/5.4.0/avr5\libgcc.a(_exit.o)
 .text.libgcc.fmul
                0x00000000        0x0 d:/program files (x86)/atmel/studio/7.0/toolchain/avr8/avr8-gnu-toolchain/bin/../lib/gcc/avr/5.4.0/avr5\libgcc.a(_exit.o)
 .text.libgcc.fixed
                0x00000000        0x0 d:/program files (x86)/atmel/studio/7.0/toolchain/avr8/avr8-gnu-toolchain/bin/../lib/gcc/avr/5.4.0/avr5\libgcc.a(_exit.o)
 .text          0x00000000        0x0 d:/program files (x86)/atmel/studio/7.0/toolchain/avr8/avr8-gnu-toolchain/bin/../lib/gcc/avr/5.4.0/avr5\libgcc.a(_tablejump2.o)
 .data          0x00000000        0x0 d:/program files (x86)/atmel/studio/7.0/toolchain/avr8/avr8-gnu-toolchain/bin/../lib/gcc/avr/5.4.0/avr5\libgcc.a(_tablejump2.o)
 .bss           0x00000000        0x0 d:/program files (x86)/atmel/studio/7.0/toolchain/avr8/avr8-gnu-toolchain/bin/../lib/gcc/avr/5.4.0/avr5\libgcc.a(_tablejump2.o)
 .text.libgcc.mul
                0x00000000        0x0 d:/program files (x86)/atmel/studio/7.0/toolchain/avr8/avr8-gnu-toolchain/bin/../lib/gcc/avr/5.4.0/avr5\libgcc.a(_tablejump2.o)
 .text.libgcc.div
                0x00000000        0x0 d:/program files (x86)/atmel/studio/7.0/toolchain/avr8/avr8-gnu-toolchain/bin/../lib/gcc/avr/5.4.0/avr5\libgcc.a(_tablejump2.o)
 .text.libgcc.prologue
                0x00000000        0x0 d:/program files (x86)/atmel/studio/7.0/toolchain/avr8/avr8-gnu-toolchain/bin/../lib/gcc/avr/5.4.0/avr5\libgcc.a(_tablejump2.o)
 .text.libgcc.builtins
                0x00000000        0x0 d:/program files (x86)/atmel/studio/7.0/toolchain/avr8/avr8-gnu-toolchain/bin/../lib/gcc/avr/5.4.0/avr5\libgcc.a(_tablejump2.o)
 .text.libgcc.fmul
                0x00000000        0x0 d:/program files (x86)/atmel/studio/7.0/toolchain/avr8/avr8-gnu-toolchain/bin/../lib/gcc/avr/5.4.0/avr5\libgcc.a(_tablejump2.o)
 .text.libgcc.fixed
                0x00000000        0x0 d:/program files (x86)/atmel/studio/7.0/toolchain/avr8/avr8-gnu-toolchain/bin/../lib/gcc/avr/5.4.0/avr5\libgcc.a(_tablejump2.o)
 .text          0x00000000        0x0 d:/program files (x86)/atmel/studio/7.0/toolchain/avr8/avr8-gnu-toolchain/bin/../lib/gcc/avr/5.4.0/avr5\libgcc.a(_copy_data.o)
 .data          0x00000000        0x0 d:/program files (x86)/atmel/studio/7.0/toolchain/avr8/avr8-gnu-toolchain/bin/../lib/gcc/avr/5.4.0/avr5\libgcc.a(_copy_data.o)
 .bss           0x00000000        0x0 d:/program files (x86)/atmel/studio/7.0/toolchain/avr8/avr8-gnu-toolchain/bin/../lib/gcc/avr/5.4.0/avr5\libgcc.a(_copy_data.o)
 .text.libgcc.mul
                0x00000000        0x0 d:/program files (x86)/atmel/studio/7.0/toolchain/avr8/avr8-gnu-toolchain/bin/../lib/gcc/avr/5.4.0/avr5\libgcc.a(_copy_data.o)
 .text.libgcc.div
                0x00000000        0x0 d:/program files (x86)/atmel/studio/7.0/toolchain/avr8/avr8-gnu-toolchain/bin/../lib/gcc/avr/5.4.0/avr5\libgcc.a(_copy_data.o)
 .text.libgcc   0x00000000        0x0 d:/program files (x86)/atmel/studio/7.0/toolchain/avr8/avr8-gnu-toolchain/bin/../lib/gcc/avr/5.4.0/avr5\libgcc.a(_copy_data.o)
 .text.libgcc.prologue
                0x00000000        0x0 d:/program files (x86)/atmel/studio/7.0/toolchain/avr8/avr8-gnu-toolchain/bin/../lib/gcc/avr/5.4.0/avr5\libgcc.a(_copy_data.o)
 .text.libgcc.builtins
                0x00000000        0x0 d:/program files (x86)/atmel/studio/7.0/toolchain/avr8/avr8-gnu-toolchain/bin/../lib/gcc/avr/5.4.0/avr5\libgcc.a(_copy_data.o)
 .text.libgcc.fmul
                0x00000000        0x0 d:/program files (x86)/atmel/studio/7.0/toolchain/avr8/avr8-gnu-toolchain/bin/../lib/gcc/avr/5.4.0/avr5\libgcc.a(_copy_data.o)
 .text.libgcc.fixed
                0x00000000        0x0 d:/program files (x86)/atmel/studio/7.0/toolchain/avr8/avr8-gnu-toolchain/bin/../lib/gcc/avr/5.4.0/avr5\libgcc.a(_copy_data.o)
 .text          0x00000000        0x0 d:/program files (x86)/atmel/studio/7.0/toolchain/avr8/avr8-gnu-toolchain/bin/../lib/gcc/avr/5.4.0/avr5\libgcc.a(_clear_bss.o)
 .data          0x00000000        0x0 d:/program files (x86)/atmel/studio/7.0/toolchain/avr8/avr8-gnu-toolchain/bin/../lib/gcc/avr/5.4.0/avr5\libgcc.a(_clear_bss.o)
 .bss           0x00000000        0x0 d:/program files (x86)/atmel/studio/7.0/toolchain/avr8/avr8-gnu-toolchain/bin/../lib/gcc/avr/5.4.0/avr5\libgcc.a(_clear_bss.o)
 .text.libgcc.mul
                0x00000000        0x0 d:/program files (x86)/atmel/studio/7.0/toolchain/avr8/avr8-gnu-toolchain/bin/../lib/gcc/avr/5.4.0/avr5\libgcc.a(_clear_bss.o)
 .text.libgcc.div
                0x00000000        0x0 d:/program files (x86)/atmel/studio/7.0/toolchain/avr8/avr8-gnu-toolchain/bin/../lib/gcc/avr/5.4.0/avr5\libgcc.a(_clear_bss.o)
 .text.libgcc   0x00000000        0x0 d:/program files (x86)/atmel/studio/7.0/toolchain/avr8/avr8-gnu-toolchain/bin/../lib/gcc/avr/5.4.0/avr5\libgcc.a(_clear_bss.o)
 .text.libgcc.prologue
                0x00000000        0x0 d:/program files (x86)/atmel/studio/7.0/toolchain/avr8/avr8-gnu-toolchain/bin/../lib/gcc/avr/5.4.0/avr5\libgcc.a(_clear_bss.o)
 .text.libgcc.builtins
                0x00000000        0x0 d:/program files (x86)/atmel/studio/7.0/toolchain/avr8/avr8-gnu-toolchain/bin/../lib/gcc/avr/5.4.0/avr5\libgcc.a(_clear_bss.o)
 .text.libgcc.fmul
                0x00000000        0x0 d:/program files (x86)/atmel/studio/7.0/toolchain/avr8/avr8-gnu-toolchain/bin/../lib/gcc/avr/5.4.0/avr5\libgcc.a(_clear_bss.o)
 .text.libgcc.fixed
                0x00000000        0x0 d:/program files (x86)/atmel/studio/7.0/toolchain/avr8/avr8-gnu-toolchain/bin/../lib/gcc/avr/5.4.0/avr5\libgcc.a(_clear_bss.o)
 .text          0x00000000        0x0 d:/program files (x86)/atmel/studio/7.0/toolchain/avr8/avr8-gnu-toolchain/bin/../lib/gcc/avr/5.4.0/avr5\libgcc.a(_ctors.o)
 .data          0x00000000        0x0 d:/program files (x86)/atmel/studio/7.0/toolchain/avr8/avr8-gnu-toolchain/bin/../lib/gcc/avr/5.4.0/avr5\libgcc.a(_ctors.o)
 .bss           0x00000000        0x0 d:/program files (x86)/atmel/studio/7.0/toolchain/avr8/avr8-gnu-toolchain/bin/../lib/gcc/avr/5.4.0/avr5\libgcc.a(_ctors.o)
 .text.libgcc.mul
                0x00000000        0x0 d:/program files (x86)/atmel/studio/7.0/toolchain/avr8/avr8-gnu-toolchain/bin/../lib/gcc/avr/5.4.0/avr5\libgcc.a(_ctors.o)
 .text.libgcc.div
                0x00000000        0x0 d:/program files (x86)/atmel/studio/7.0/toolchain/avr8/avr8-gnu-toolchain/bin/../lib/gcc/avr/5.4.0/avr5\libgcc.a(_ctors.o)
 .text.libgcc   0x00000000        0x0 d:/program files (x86)/atmel/studio/7.0/toolchain/avr8/avr8-gnu-toolchain/bin/../lib/gcc/avr/5.4.0/avr5\libgcc.a(_ctors.o)
 .text.libgcc.prologue
                0x00000000        0x0 d:/program files (x86)/atmel/studio/7.0/toolchain/avr8/avr8-gnu-toolchain/bin/../lib/gcc/avr/5.4.0/avr5\libgcc.a(_ctors.o)
 .text.libgcc.builtins
                0x00000000        0x0 d:/program files (x86)/atmel/studio/7.0/toolchain/avr8/avr8-gnu-toolchain/bin/../lib/gcc/avr/5.4.0/avr5\libgcc.a(_ctors.o)
 .text.libgcc.fmul
                0x00000000        0x0 d:/program files (x86)/atmel/studio/7.0/toolchain/avr8/avr8-gnu-toolchain/bin/../lib/gcc/avr/5.4.0/avr5\libgcc.a(_ctors.o)
 .text.libgcc.fixed
                0x00000000        0x0 d:/program files (x86)/atmel/studio/7.0/toolchain/avr8/avr8-gnu-toolchain/bin/../lib/gcc/avr/5.4.0/avr5\libgcc.a(_ctors.o)
 .text          0x00000000        0x0 d:/program files (x86)/atmel/studio/7.0/toolchain/avr8/avr8-gnu-toolchain/bin/../lib/gcc/avr/5.4.0/avr5\libgcc.a(_umulhisi3.o)
 .data          0x00000000        0x0 d:/program files (x86)/atmel/studio/7.0/toolchain/avr8/avr8-gnu-toolchain/bin/../lib/gcc/avr/5.4.0/avr5\libgcc.a(_umulhisi3.o)
 .bss           0x00000000        0x0 d:/program files (x86)/atmel/studio/7.0/toolchain/avr8/avr8-gnu-toolchain/bin/../lib/gcc/avr/5.4.0/avr5\libgcc.a(_umulhisi3.o)
 .text.libgcc.mul
                0x00000000       0x1e d:/program files (x86)/atmel/studio/7.0/toolchain/avr8/avr8-gnu-toolchain/bin/../lib/gcc/avr/5.4.0/avr5\libgcc.a(_umulhisi3.o)
 .text.libgcc.div
                0x00000000        0x0 d:/program files (x86)/atmel/studio/7.0/toolchain/avr8/avr8-gnu-toolchain/bin/../lib/gcc/avr/5.4.0/avr5\libgcc.a(_umulhisi3.o)
 .text.libgcc   0x00000000        0x0 d:/program files (x86)/atmel/studio/7.0/toolchain/avr8/avr8-gnu-toolchain/bin/../lib/gcc/avr/5.4.0/avr5\libgcc.a(_umulhisi3.o)
 .text.libgcc.prologue
                0x00000000        0x0 d:/program files (x86)/atmel/studio/7.0/toolchain/avr8/avr8-gnu-toolchain/bin/../lib/gcc/avr/5.4.0/avr5\libgcc.a(_umulhisi3.o)
 .text.libgcc.builtins
                0x00000000        0x0 d:/program files (x86)/atmel/studio/7.0/toolchain/avr8/avr8-gnu-toolchain/bin/../lib/gcc/avr/5.4.0/avr5\libgcc.a(_umulhisi3.o)
 .text.libgcc.fmul
                0x00000000        0x0 d:/program files (x86)/atmel/studio/7.0/toolchain/avr8/avr8-gnu-toolchain/bin/../lib/gcc/avr/5.4.0/avr5\libgcc.a(_umulhisi3.o)
 .text.libgcc.fixed
                0x00000000        0x0 d:/program files (x86)/atmel/studio/7.0/toolchain/avr8/avr8-gnu-toolchain/bin/../lib/gcc/avr/5.4.0/avr5\libgcc.a(_umulhisi3.o)
 .text          0x00000000        0x0 d:/program files (x86)/atmel/studio/7.0/toolchain/avr8/avr8-gnu-toolchain/bin/../lib/gcc/avr/5.4.0/avr5\libgcc.a(_muluhisi3.o)
 .data          0x00000000        0x0 d:/program files (x86)/atmel/studio/7.0/toolchain/avr8/avr8-gnu-toolchain/bin/../lib/gcc/avr/5.4.0/avr5\libgcc.a(_muluhisi3.o)
 .bss           0x00000000        0x0 d:/program files (x86)/atmel/studio/7.0/toolchain/avr8/avr8-gnu-toolchain/bin/../lib/gcc/avr/5.4.0/avr5\libgcc.a(_muluhisi3.o)
 .text.libgcc.mul
                0x00000000       0x16 d:/program files (x86)/atmel/studio/7.0/toolchain/avr8/avr8-gnu-toolchain/bin/../lib/gcc/avr/5.4.0/avr5\libgcc.a(_muluhisi3.o)
 .text.libgcc.div
                0x00000000        0x0 d:/program files (x86)/atmel/studio/7.0/toolchain/avr8/avr8-gnu-toolchain/bin/../lib/gcc/avr/5.4.0/avr5\libgcc.a(_muluhisi3.o)
 .text.libgcc   0x00000000        0x0 d:/program files (x86)/atmel/studio/7.0/toolchain/avr8/avr8-gnu-toolchain/bin/../lib/gcc/avr/5.4.0/avr5\libgcc.a(_muluhisi3.o)
 .text.libgcc.prologue
                0x00000000        0x0 d:/program files (x86)/atmel/studio/7.0/toolchain/avr8/avr8-gnu-toolchain/bin/../lib/gcc/avr/5.4.0/avr5\libgcc.a(_muluhisi3.o)
 .text.libgcc.builtins
                0x00000000        0x0 d:/program files (x86)/atmel/studio/7.0/toolchain/avr8/avr8-gnu-toolchain/bin/../lib/gcc/avr/5.4.0/avr5\libgcc.a(_muluhisi3.o)
 .text.libgcc.fmul
                0x00000000        0x0 d:/program files (x86)/atmel/studio/7.0/toolchain/avr8/avr8-gnu-toolchain/bin/../lib/gcc/avr/5.4.0/avr5\libgcc.a(_muluhisi3.o)
 .text.libgcc.fixed
                0x00000000        0x0 d:/program files (x86)/atmel/studio/7.0/toolchain/avr8/avr8-gnu-toolchain/bin/../lib/gcc/avr/5.4.0/avr5\libgcc.a(_muluhisi3.o)
 .text          0x00000000        0x0 d:/program files (x86)/atmel/studio/7.0/toolchain/avr8/avr8-gnu-toolchain/bin/../lib/gcc/avr/5.4.0/../../../../avr/lib/avr5\libatmega328p.a(eerd_byte.o)
 .data          0x00000000        0x0 d:/program files (x86)/atmel/studio/7.0/toolchain/avr8/avr8-gnu-toolchain/bin/../lib/gcc/avr/5.4.0/../../../../avr/lib/avr5\libatmega328p.a(eerd_byte.o)
 .bss           0x00000000        0x0 d:/program files (x86)/atmel/studio/7.0/toolchain/avr8/avr8-gnu-toolchain/bin/../lib/gcc/avr/5.4.0/../../../../avr/lib/avr5\libatmega328p.a(eerd_byte.o)
 .text          0x00000000        0x0 d:/program files (x86)/atmel/studio/7.0/toolchain/avr8/avr8-gnu-toolchain/bin/../lib/gcc/avr/5.4.0/../../../../avr/lib/avr5\libatmega328p.a(eeupd_byte.o)
 .data          0x00000000        0x0 d:/program files (x86)/atmel/studio/7.0/toolchain/avr8/avr8-gnu-toolchain/bin/../lib/gcc/avr/5.4.0/../../../../avr/lib/avr5\libatmega328p.a(eeupd_byte.o)
 .bss           0x00000000        0x0 d:/program files (x86)/atmel/studio/7.0/toolchain/avr8/avr8-gnu-toolchain/bin/../lib/gcc/avr/5.4.0/../../../../avr/lib/avr5\libatmega328p.a(eeupd_byte.o)

Memory Configuration

Name             Origin             Length             Attributes
text             0x00000000         0x00020000         xr
data             0x00800060         0x0000ffa0         rw !x
eeprom           0x00810000         0x00010000         rw !x
fuse             0x00820000         0x00000003         rw !x
lock             0x00830000         0x00000400         rw !x
signature        0x00840000         0x00000400         rw !x
user_signatures  0x00850000         0x00000400         rw !x
*default*        0x00000000         0xffffffff

Linker script and memory map

Address of section .data set to 0x800100
LOAD d:/program files (x86)/atmel/studio/7.0/toolchain/avr8/avr8-gnu-toolchain/bin/../lib/gcc/avr/5.4.0/../../../../avr/lib/avr5/crtatmega328p.o
LOAD DS3231.o
LOAD infrared.o
LOAD inits.o
LOAD IRLremote.o
LOAD timer0.o
LOAD display.o
LOAD i2cmaster.o
LOAD LED.o
LOAD main.o
LOAD OneButton2.o
LOAD RGB_vector.o
LOAD TM1637Display.o
START GROUP
LOAD d:/program files (x86)/atmel/studio/7.0/toolchain/avr8/avr8-gnu-toolchain/bin/../lib/gcc/avr/5.4.0/../../../../avr/lib/avr5\libm.a
END GROUP
LOAD d:/program files (x86)/atmel/studio/7.0/toolchain/avr8/avr8-gnu-toolchain/bin/../lib/gcc/avr/5.4.0/avr5\libgcc.a
LOAD d:/program files (x86)/atmel/studio/7.0/toolchain/avr8/avr8-gnu-toolchain/bin/../lib/gcc/avr/5.4.0/../../../../avr/lib/avr5\libm.a
START GROUP
LOAD d:/program files (x86)/atmel/studio/7.0/toolchain/avr8/avr8-gnu-toolchain/bin/../lib/gcc/avr/5.4.0/avr5\libgcc.a
LOAD d:/program files (x86)/atmel/studio/7.0/toolchain/avr8/avr8-gnu-toolchain/bin/../lib/gcc/avr/5.4.0/../../../../avr/lib/avr5\libm.a
LOAD d:/program files (x86)/atmel/studio/7.0/toolchain/avr8/avr8-gnu-toolchain/bin/../lib/gcc/avr/5.4.0/../../../../avr/lib/avr5\libc.a
LOAD d:/program files (x86)/atmel/studio/7.0/toolchain/avr8/avr8-gnu-toolchain/bin/../lib/gcc/avr/5.4.0/../../../../avr/lib/avr5\libatmega328p.a
END GROUP
                0x00020000                __TEXT_REGION_LENGTH__ = DEFINED (__TEXT_REGION_LENGTH__)?__TEXT_REGION_LENGTH__:0x20000
                0x0000ffa0                __DATA_REGION_LENGTH__ = DEFINED (__DATA_REGION_LENGTH__)?__DATA_REGION_LENGTH__:0xffa0
                0x00010000                __EEPROM_REGION_LENGTH__ = DEFINED (__EEPROM_REGION_LENGTH__)?__EEPROM_REGION_LENGTH__:0x10000
                [0x00000003]                __FUSE_REGION_LENGTH__ = DEFINED (__FUSE_REGION_LENGTH__)?__FUSE_REGION_LENGTH__:0x400
                0x00000400                __LOCK_REGION_LENGTH__ = DEFINED (__LOCK_REGION_LENGTH__)?__LOCK_REGION_LENGTH__:0x400
                0x00000400                __SIGNATURE_REGION_LENGTH__ = DEFINED (__SIGNATURE_REGION_LENGTH__)?__SIGNATURE_REGION_LENGTH__:0x400
                0x00000400                __USER_SIGNATURE_REGION_LENGTH__ = DEFINED (__USER_SIGNATURE_REGION_LENGTH__)?__USER_SIGNATURE_REGION_LENGTH__:0x400

.hash
 *(.hash)

.dynsym
 *(.dynsym)

.dynstr
 *(.dynstr)

.gnu.version
 *(.gnu.version)

.gnu.version_d
 *(.gnu.version_d)

.gnu.version_r
 *(.gnu.version_r)

.rel.init
 *(.rel.init)

.rela.init
 *(.rela.init)

.rel.text
 *(.rel.text)
 *(.rel.text.*)
 *(.rel.gnu.linkonce.t*)

.rela.text
 *(.rela.text)
 *(.rela.text.*)
 *(.rela.gnu.linkonce.t*)

.rel.fini
 *(.rel.fini)

.rela.fini
 *(.rela.fini)

.rel.rodata
 *(.rel.rodata)
 *(.rel.rodata.*)
 *(.rel.gnu.linkonce.r*)

.rela.rodata
 *(.rela.rodata)
 *(.rela.rodata.*)
 *(.rela.gnu.linkonce.r*)

.rel.data
 *(.rel.data)
 *(.rel.data.*)
 *(.rel.gnu.linkonce.d*)

.rela.data
 *(.rela.data)
 *(.rela.data.*)
 *(.rela.gnu.linkonce.d*)

.rel.ctors
 *(.rel.ctors)

.rela.ctors
 *(.rela.ctors)

.rel.dtors
 *(.rel.dtors)

.rela.dtors
 *(.rela.dtors)

.rel.got
 *(.rel.got)

.rela.got
 *(.rela.got)

.rel.bss
 *(.rel.bss)

.rela.bss
 *(.rela.bss)

.rel.plt
 *(.rel.plt)

.rela.plt
 *(.rela.plt)

.text           0x00000000     0x385e
 *(.vectors)
 .vectors       0x00000000       0x68 d:/program files (x86)/atmel/studio/7.0/toolchain/avr8/avr8-gnu-toolchain/bin/../lib/gcc/avr/5.4.0/../../../../avr/lib/avr5/crtatmega328p.o
                0x00000000                __vector_default
                0x00000000                __vectors
 *(.vectors)
 *(.progmem.gcc*)
 .progmem.gcc_sw_table._Z13button1_clickv
                0x00000068        0xe main.o
 .progmem.gcc_sw_table.main
                0x00000076       0x18 main.o
                0x0000008e                . = ALIGN (0x2)
                0x0000008e                __trampolines_start = .
 *(.trampolines)
 .trampolines   0x0000008e        0x0 linker stubs
 *(.trampolines*)
                0x0000008e                __trampolines_end = .
 *libprintf_flt.a:*(.progmem.data)
 *libc.a:*(.progmem.data)
 *(.progmem*)
                0x0000008e                . = ALIGN (0x2)
 *(.jumptables)
 *(.jumptables*)
 *(.lowtext)
 *(.lowtext*)
                0x0000008e                __ctors_start = .
 *(.ctors)
 .ctors         0x0000008e        0x2 main.o
                0x00000090                __ctors_end = .
                0x00000090                __dtors_start = .
 *(.dtors)
                0x00000090                __dtors_end = .
 SORT(*)(.ctors)
 SORT(*)(.dtors)
 *(.init0)
 .init0         0x00000090        0x0 d:/program files (x86)/atmel/studio/7.0/toolchain/avr8/avr8-gnu-toolchain/bin/../lib/gcc/avr/5.4.0/../../../../avr/lib/avr5/crtatmega328p.o
                0x00000090                __init
 *(.init0)
 *(.init1)
 *(.init1)
 *(.init2)
 .init2         0x00000090        0xc d:/program files (x86)/atmel/studio/7.0/toolchain/avr8/avr8-gnu-toolchain/bin/../lib/gcc/avr/5.4.0/../../../../avr/lib/avr5/crtatmega328p.o
 *(.init2)
 *(.init3)
 *(.init3)
 *(.init4)
 .init4         0x0000009c       0x16 d:/program files (x86)/atmel/studio/7.0/toolchain/avr8/avr8-gnu-toolchain/bin/../lib/gcc/avr/5.4.0/avr5\libgcc.a(_copy_data.o)
                0x0000009c                __do_copy_data
 .init4         0x000000b2       0x10 d:/program files (x86)/atmel/studio/7.0/toolchain/avr8/avr8-gnu-toolchain/bin/../lib/gcc/avr/5.4.0/avr5\libgcc.a(_clear_bss.o)
                0x000000b2                __do_clear_bss
 *(.init4)
 *(.init5)
 *(.init5)
 *(.init6)
 .init6         0x000000c2       0x16 d:/program files (x86)/atmel/studio/7.0/toolchain/avr8/avr8-gnu-toolchain/bin/../lib/gcc/avr/5.4.0/avr5\libgcc.a(_ctors.o)
                0x000000c2                __do_global_ctors
 *(.init6)
 *(.init7)
 *(.init7)
 *(.init8)
 *(.init8)
 *(.init9)
 .init9         0x000000d8        0x8 d:/program files (x86)/atmel/studio/7.0/toolchain/avr8/avr8-gnu-toolchain/bin/../lib/gcc/avr/5.4.0/../../../../avr/lib/avr5/crtatmega328p.o
 *(.init9)
 *(.text)
 .text          0x000000e0        0x4 d:/program files (x86)/atmel/studio/7.0/toolchain/avr8/avr8-gnu-toolchain/bin/../lib/gcc/avr/5.4.0/../../../../avr/lib/avr5/crtatmega328p.o
                0x000000e0                __vector_22
                0x000000e0                __vector_24
                0x000000e0                __vector_12
                0x000000e0                __bad_interrupt
                0x000000e0                __vector_6
                0x000000e0                __vector_3
                0x000000e0                __vector_23
                0x000000e0                __vector_25
                0x000000e0                __vector_11
                0x000000e0                __vector_13
                0x000000e0                __vector_17
                0x000000e0                __vector_19
                0x000000e0                __vector_7
                0x000000e0                __vector_5
                0x000000e0                __vector_9
                0x000000e0                __vector_2
                0x000000e0                __vector_21
                0x000000e0                __vector_15
                0x000000e0                __vector_8
                0x000000e0                __vector_14
                0x000000e0                __vector_10
                0x000000e0                __vector_18
                0x000000e0                __vector_20
                0x000000e4                . = ALIGN (0x2)
 *(.text.*)
 .text._ZN4TimeC2Ev
                0x000000e4        0xa DS3231.o
                0x000000e4                _ZN4TimeC1Ev
                0x000000e4                _ZN4TimeC2Ev
 .text._ZN6DS32315beginEv
                0x000000ee        0x6 DS3231.o
                0x000000ee                _ZN6DS32315beginEv
 .text._ZN6DS32317getTimeEv
                0x000000f4       0x72 DS3231.o
                0x000000f4                _ZN6DS32317getTimeEv
 .text._ZN6DS323115setInternAlarm1Ehhh
                0x00000166       0xa8 DS3231.o
                0x00000166                _ZN6DS323115setInternAlarm1Ehhh
 .text._ZN6DS323113setShowAlarm1Ehhh
                0x0000020e       0x28 DS3231.o
                0x0000020e                _ZN6DS323113setShowAlarm1Ehhh
 .text._ZN6DS323115getInternAlarm1Ev
                0x00000236       0x72 DS3231.o
                0x00000236                _ZN6DS323115getInternAlarm1Ev
 .text._ZN6DS323113getShowAlarm1Eh
                0x000002a8       0x34 DS3231.o
                0x000002a8                _ZN6DS323113getShowAlarm1Eh
 .text._ZN6DS323115setInternAlarm2Ehh
                0x000002dc       0x7a DS3231.o
                0x000002dc                _ZN6DS323115setInternAlarm2Ehh
 .text._ZN6DS323113setShowAlarm2Ehhh
                0x00000356       0x22 DS3231.o
                0x00000356                _ZN6DS323113setShowAlarm2Ehhh
 .text._ZN6DS323115getInternAlarm2Ev
                0x00000378       0x56 DS3231.o
                0x00000378                _ZN6DS323115getInternAlarm2Ev
 .text._ZN6DS323113getShowAlarm2Eh
                0x000003ce       0x34 DS3231.o
                0x000003ce                _ZN6DS323113getShowAlarm2Eh
 .text._ZN6DS323114getTemperatureEv
                0x00000402       0xa2 DS3231.o
                0x00000402                _ZN6DS323114getTemperatureEv
 .text._ZN6DS323112readRegisterEh
                0x000004a4       0x26 DS3231.o
                0x000004a4                _ZN6DS323112readRegisterEh
 .text._ZN6DS323115triggeredAlarm1Ev
                0x000004ca        0xa DS3231.o
                0x000004ca                _ZN6DS323115triggeredAlarm1Ev
 .text._ZN6DS323115triggeredAlarm2Ev
                0x000004d4        0xc DS3231.o
                0x000004d4                _ZN6DS323115triggeredAlarm2Ev
 .text._ZN6DS323113writeRegisterEhh
                0x000004e0       0x24 DS3231.o
                0x000004e0                _ZN6DS323113writeRegisterEhh
 .text._ZN6DS323115clearAlarm1FlagEv
                0x00000504       0x1e DS3231.o
                0x00000504                _ZN6DS323115clearAlarm1FlagEv
 .text._ZN6DS323118setAlarm1InterruptEb
                0x00000522       0x26 DS3231.o
                0x00000522                _ZN6DS323118setAlarm1InterruptEb
 .text._ZN6DS323115clearAlarm2FlagEv
                0x00000548       0x1e DS3231.o
                0x00000548                _ZN6DS323115clearAlarm2FlagEv
 .text._ZN6DS323118setAlarm2InterruptEb
                0x00000566       0x28 DS3231.o
                0x00000566                _ZN6DS323118setAlarm2InterruptEb
 .text._ZN6DS323111enable32KHzEb
                0x0000058e       0x2c DS3231.o
                0x0000058e                _ZN6DS323111enable32KHzEb
 .text._ZN6DS32319setOutputEb
                0x000005ba       0x2a DS3231.o
                0x000005ba                _ZN6DS32319setOutputEb
 .text._Z7poll_IRv
                0x000005e4      0x510 infrared.o
                0x000005e4                _Z7poll_IRv
 .text.__vector_1
                0x00000af4      0x18c infrared.o
                0x00000af4                __vector_1
 .text._Z12init_buttonsv
                0x00000c80       0x62 inits.o
                0x00000c80                _Z12init_buttonsv
 .text._Z8init_rtcv
                0x00000ce2       0x42 inits.o
                0x00000ce2                _Z8init_rtcv
 .text._Z8init_PWMv
                0x00000d24       0x18 inits.o
                0x00000d24                _Z8init_PWMv
 .text._Z11timer0_initv
                0x00000d3c       0x12 timer0.o
                0x00000d3c                _Z11timer0_initv
 .text._Z6millisv
                0x00000d4e       0x12 timer0.o
                0x00000d4e                _Z6millisv
 .text.__vector_16
                0x00000d60       0xc6 timer0.o
                0x00000d60                __vector_16
 .text._Z20autoselectBrightnessv
                0x00000e26       0x20 display.o
                0x00000e26                _Z20autoselectBrightnessv
 .text._Z5clockR4Timeb
                0x00000e46      0x10a display.o
                0x00000e46                _Z5clockR4Timeb
 .text._Z5clockhhb
                0x00000f50       0x40 display.o
                0x00000f50                _Z5clockhhb
 .text._Z15display_Percenth
                0x00000f90       0xca display.o
                0x00000f90                _Z15display_Percenth
 .text._Z11thermometerh
                0x0000105a       0x76 display.o
                0x0000105a                _Z11thermometerh
 .text._Z8i2c_initv
                0x000010d0       0x10 i2cmaster.o
                0x000010d0                _Z8i2c_initv
 .text._Z9i2c_starth
                0x000010e0       0x4e i2cmaster.o
                0x000010e0                _Z9i2c_starth
 .text._Z14i2c_start_waith
                0x0000112e       0x50 i2cmaster.o
                0x0000112e                _Z14i2c_start_waith
 .text._Z13i2c_rep_starth
                0x0000117e        0x6 i2cmaster.o
                0x0000117e                _Z13i2c_rep_starth
 .text._Z8i2c_stopv
                0x00001184       0x12 i2cmaster.o
                0x00001184                _Z8i2c_stopv
 .text._Z9i2c_writeh
                0x00001196       0x24 i2cmaster.o
                0x00001196                _Z9i2c_writeh
 .text._Z11i2c_readAckv
                0x000011ba       0x16 i2cmaster.o
                0x000011ba                _Z11i2c_readAckv
 .text._Z11i2c_readNakv
                0x000011d0       0x16 i2cmaster.o
                0x000011d0                _Z11i2c_readNakv
 .text._Z3LEDhhh
                0x000011e6       0x6e LED.o
                0x000011e6                _Z3LEDhhh
 .text._Z3LED10RGB_vector
                0x00001254        0xe LED.o
                0x00001254                _Z3LED10RGB_vector
 .text._Z24LED_with_factor_noChangehhhh
                0x00001262      0x174 LED.o
                0x00001262                _Z24LED_with_factor_noChangehhhh
 .text._Z15LED_with_factorhhhh
                0x000013d6        0xa LED.o
                0x000013d6                _Z15LED_with_factorhhhh
 .text._Z15LED_with_factorhhh
                0x000013e0        0xa LED.o
                0x000013e0                _Z15LED_with_factorhhh
 .text._Z15LED_with_factorR10RGB_vector
                0x000013ea        0xe LED.o
                0x000013ea                _Z15LED_with_factorR10RGB_vector
 .text._Z24LED_with_factor_noChangeR10RGB_vectorh
                0x000013f8       0x10 LED.o
                0x000013f8                _Z24LED_with_factor_noChangeR10RGB_vectorh
 .text._Z19LED_with_factor_NEWhhhh
                0x00001408      0x174 LED.o
                0x00001408                _Z19LED_with_factor_NEWhhhh
 .text._Z10LED_sunseth
                0x0000157c       0xfe LED.o
                0x0000157c                _Z10LED_sunseth
 .text._Z12LED_sequencev
                0x0000167a       0xde LED.o
                0x0000167a                _Z12LED_sequencev
 .text._Z12showAlarmLED10AlarmModes
                0x00001758       0x32 LED.o
                0x00001758                _Z12showAlarmLED10AlarmModes
 .text._Z9turningOnv
                0x0000178a       0x7a LED.o
                0x0000178a                _Z9turningOnv
 .text._Z9turnOnLEDv
                0x00001804       0x68 LED.o
                0x00001804                _Z9turnOnLEDv
 .text._Z10turningOffv
                0x0000186c       0x7e LED.o
                0x0000186c                _Z10turningOffv
 .text._Z10turnOffLEDv
                0x000018ea       0x4e LED.o
                0x000018ea                _Z10turnOffLEDv
 .text._Z11fadingColorv
                0x00001938      0x18c LED.o
                0x00001938                _Z11fadingColorv
 .text._Z11fadeToColorhhh
                0x00001ac4       0x82 LED.o
                0x00001ac4                _Z11fadeToColorhhh
 .text._Z11fadeToColorR10RGB_vector
                0x00001b46        0xe LED.o
                0x00001b46                _Z11fadeToColorR10RGB_vector
 .text._Z7LED_blav
                0x00001b54      0x1e2 LED.o
                0x00001b54                _Z7LED_blav
 .text._Z21snooze_longPressStartv
                0x00001d36       0x2a main.o
                0x00001d36                _Z21snooze_longPressStartv
 .text._Z13button2_clickv
                0x00001d60      0x18e main.o
                0x00001d60                _Z13button2_clickv
 .text._Z22button2_longPressStartv
                0x00001eee       0x38 main.o
                0x00001eee                _Z22button2_longPressStartv
 .text._Z23button2_duringLongPressv
                0x00001f26       0x22 main.o
                0x00001f26                _Z23button2_duringLongPressv
 .text._Z7vibrateb
                0x00001f48        0xc main.o
                0x00001f48                _Z7vibrateb
 .text._Z12snooze_clickv
                0x00001f54       0xe4 main.o
                0x00001f54                _Z12snooze_clickv
 .text._Z13button1_clickv
                0x00002038      0x1fc main.o
                0x00002038                _Z13button1_clickv
 .text._Z22button1_longPressStartv
                0x00002234       0xc6 main.o
                0x00002234                _Z22button1_longPressStartv
 .text._Z18vibration_sequencev
                0x000022fa      0x212 main.o
                0x000022fa                _Z18vibration_sequencev
 .text._Z14readSavedValueh
                0x0000250c       0x30 main.o
                0x0000250c                _Z14readSavedValueh
 .text._Z12updateEEPROMhh
                0x0000253c       0x34 main.o
                0x0000253c                _Z12updateEEPROMhh
 .text._Z14saveStatisticsv
                0x00002570       0x80 main.o
                0x00002570                _Z14saveStatisticsv
 .text.main     0x000025f0      0x940 main.o
                0x000025f0                main
 .text.__vector_4
                0x00002f30       0xc6 main.o
                0x00002f30                __vector_4
 .text._GLOBAL__sub_I_tm
                0x00002ff6       0x44 main.o
 .text._ZN9OneButtonC2ERVhh
                0x0000303a       0x2e OneButton2.o
                0x0000303a                _ZN9OneButtonC1ERVhh
                0x0000303a                _ZN9OneButtonC2ERVhh
 .text._ZN9OneButton13setPressTicksEi
                0x00003068        0x8 OneButton2.o
                0x00003068                _ZN9OneButton13setPressTicksEi
 .text._ZN9OneButton11attachClickEPFvvE
                0x00003070        0x8 OneButton2.o
                0x00003070                _ZN9OneButton11attachClickEPFvvE
 .text._ZN9OneButton20attachLongPressStartEPFvvE
                0x00003078        0x8 OneButton2.o
                0x00003078                _ZN9OneButton20attachLongPressStartEPFvvE
 .text._ZN9OneButton21attachDuringLongPressEPFvvE
                0x00003080        0x8 OneButton2.o
                0x00003080                _ZN9OneButton21attachDuringLongPressEPFvvE
 .text._ZN9OneButton4tickEv
                0x00003088      0x112 OneButton2.o
                0x00003088                _ZN9OneButton4tickEv
 .text._ZN10RGB_vector9setVectorEhhh
                0x0000319a        0xa RGB_vector.o
                0x0000319a                _ZN10RGB_vector9setVectorEhhh
 .text._ZN13TM1637DisplayC2Ev
                0x000031a4        0xa TM1637Display.o
                0x000031a4                _ZN13TM1637DisplayC2Ev
                0x000031a4                _ZN13TM1637DisplayC1Ev
 .text._ZN13TM1637Display13setBrightnessEh
                0x000031ae        0x6 TM1637Display.o
                0x000031ae                _ZN13TM1637Display13setBrightnessEh
 .text._ZN13TM1637Display5startEv
                0x000031b4        0xc TM1637Display.o
                0x000031b4                _ZN13TM1637Display5startEv
 .text._ZN13TM1637Display4stopEv
                0x000031c0       0x20 TM1637Display.o
                0x000031c0                _ZN13TM1637Display4stopEv
 .text._ZN13TM1637Display9writeByteEh
                0x000031e0       0x6c TM1637Display.o
                0x000031e0                _ZN13TM1637Display9writeByteEh
 .text._ZN13TM1637Display11setSegmentsEhhhh
                0x0000324c       0x80 TM1637Display.o
                0x0000324c                _ZN13TM1637Display11setSegmentsEhhhh
 .text._ZN13TM1637Display11encodeDigitEh
                0x000032cc        0xe TM1637Display.o
                0x000032cc                _ZN13TM1637Display11encodeDigitEh
 .text.avr-libc.fplib
                0x000032da        0xe d:/program files (x86)/atmel/studio/7.0/toolchain/avr8/avr8-gnu-toolchain/bin/../lib/gcc/avr/5.4.0/../../../../avr/lib/avr5\libm.a(addsf3.o)
                0x000032da                __subsf3
                0x000032dc                __addsf3
 .text.avr-libc.fplib
                0x000032e8       0xcc d:/program files (x86)/atmel/studio/7.0/toolchain/avr8/avr8-gnu-toolchain/bin/../lib/gcc/avr/5.4.0/../../../../avr/lib/avr5\libm.a(addsf3x.o)
                0x0000330a                __addsf3x
 .text.avr-libc.fplib
                0x000033b4        0x8 d:/program files (x86)/atmel/studio/7.0/toolchain/avr8/avr8-gnu-toolchain/bin/../lib/gcc/avr/5.4.0/../../../../avr/lib/avr5\libm.a(divsf3.o)
                0x000033b4                __divsf3
 .text.avr-libc.fplib
                0x000033bc       0xdc d:/program files (x86)/atmel/studio/7.0/toolchain/avr8/avr8-gnu-toolchain/bin/../lib/gcc/avr/5.4.0/../../../../avr/lib/avr5\libm.a(divsf3x.o)
                0x000033dc                __divsf3x
                0x000033e2                __divsf3_pse
 .text.avr-libc.fplib
                0x00003498       0x5e d:/program files (x86)/atmel/studio/7.0/toolchain/avr8/avr8-gnu-toolchain/bin/../lib/gcc/avr/5.4.0/../../../../avr/lib/avr5\libm.a(fixunssfsi.o)
                0x00003498                __fixunssfsi
 .text.avr-libc.fplib
                0x000034f6       0x7a d:/program files (x86)/atmel/studio/7.0/toolchain/avr8/avr8-gnu-toolchain/bin/../lib/gcc/avr/5.4.0/../../../../avr/lib/avr5\libm.a(floatsisf.o)
                0x000034f6                __floatunsisf
                0x000034fa                __floatsisf
 .text.avr-libc.fplib
                0x00003570        0xc d:/program files (x86)/atmel/studio/7.0/toolchain/avr8/avr8-gnu-toolchain/bin/../lib/gcc/avr/5.4.0/../../../../avr/lib/avr5\libm.a(fp_inf.o)
                0x00003570                __fp_inf
 .text.avr-libc.fplib
                0x0000357c        0x6 d:/program files (x86)/atmel/studio/7.0/toolchain/avr8/avr8-gnu-toolchain/bin/../lib/gcc/avr/5.4.0/../../../../avr/lib/avr5\libm.a(fp_nan.o)
                0x0000357c                __fp_nan
 .text.avr-libc.fplib
                0x00003582        0xe d:/program files (x86)/atmel/studio/7.0/toolchain/avr8/avr8-gnu-toolchain/bin/../lib/gcc/avr/5.4.0/../../../../avr/lib/avr5\libm.a(fp_pscA.o)
                0x00003582                __fp_pscA
 .text.avr-libc.fplib
                0x00003590        0xe d:/program files (x86)/atmel/studio/7.0/toolchain/avr8/avr8-gnu-toolchain/bin/../lib/gcc/avr/5.4.0/../../../../avr/lib/avr5\libm.a(fp_pscB.o)
                0x00003590                __fp_pscB
 .text.avr-libc.fplib
                0x0000359e       0x22 d:/program files (x86)/atmel/studio/7.0/toolchain/avr8/avr8-gnu-toolchain/bin/../lib/gcc/avr/5.4.0/../../../../avr/lib/avr5\libm.a(fp_round.o)
                0x0000359e                __fp_round
 .text.avr-libc.fplib
                0x000035c0       0x44 d:/program files (x86)/atmel/studio/7.0/toolchain/avr8/avr8-gnu-toolchain/bin/../lib/gcc/avr/5.4.0/../../../../avr/lib/avr5\libm.a(fp_split3.o)
                0x000035c0                __fp_split3
                0x000035d0                __fp_splitA
 .text.avr-libc.fplib
                0x00003604        0xe d:/program files (x86)/atmel/studio/7.0/toolchain/avr8/avr8-gnu-toolchain/bin/../lib/gcc/avr/5.4.0/../../../../avr/lib/avr5\libm.a(fp_zero.o)
                0x00003604                __fp_zero
                0x00003606                __fp_szero
 .text.avr-libc.fplib
                0x00003612        0xa d:/program files (x86)/atmel/studio/7.0/toolchain/avr8/avr8-gnu-toolchain/bin/../lib/gcc/avr/5.4.0/../../../../avr/lib/avr5\libm.a(gesf2.o)
                0x00003612                __gesf2
                0x00003612                __gtsf2
 .text.avr-libc.fplib
                0x0000361c        0x8 d:/program files (x86)/atmel/studio/7.0/toolchain/avr8/avr8-gnu-toolchain/bin/../lib/gcc/avr/5.4.0/../../../../avr/lib/avr5\libm.a(mulsf3.o)
                0x0000361c                __mulsf3
 .text.avr-libc.fplib
                0x00003624       0xd2 d:/program files (x86)/atmel/studio/7.0/toolchain/avr8/avr8-gnu-toolchain/bin/../lib/gcc/avr/5.4.0/../../../../avr/lib/avr5\libm.a(mulsf3x.o)
                0x00003642                __mulsf3x
                0x00003648                __mulsf3_pse
 .text.avr-libc.fplib
                0x000036f6       0x16 d:/program files (x86)/atmel/studio/7.0/toolchain/avr8/avr8-gnu-toolchain/bin/../lib/gcc/avr/5.4.0/../../../../avr/lib/avr5\libm.a(trunc.o)
                0x000036f6                trunc
 .text.avr-libc.fplib
                0x0000370c       0x48 d:/program files (x86)/atmel/studio/7.0/toolchain/avr8/avr8-gnu-toolchain/bin/../lib/gcc/avr/5.4.0/../../../../avr/lib/avr5\libm.a(fp_cmp.o)
                0x0000370c                __fp_cmp
 .text.avr-libc.fplib
                0x00003754       0x36 d:/program files (x86)/atmel/studio/7.0/toolchain/avr8/avr8-gnu-toolchain/bin/../lib/gcc/avr/5.4.0/../../../../avr/lib/avr5\libm.a(fp_mintl.o)
                0x00003754                __fp_mintl
 .text.avr-libc.fplib
                0x0000378a       0x1c d:/program files (x86)/atmel/studio/7.0/toolchain/avr8/avr8-gnu-toolchain/bin/../lib/gcc/avr/5.4.0/../../../../avr/lib/avr5\libm.a(fp_mpack.o)
                0x0000378a                __fp_mpack
                0x0000378e                __fp_mpack_finite
 .text.avr-libc.fplib
                0x000037a6       0x30 d:/program files (x86)/atmel/studio/7.0/toolchain/avr8/avr8-gnu-toolchain/bin/../lib/gcc/avr/5.4.0/../../../../avr/lib/avr5\libm.a(fp_trunc.o)
                0x000037a6                __fp_trunc
 .text.libgcc.div
                0x000037d6       0x44 d:/program files (x86)/atmel/studio/7.0/toolchain/avr8/avr8-gnu-toolchain/bin/../lib/gcc/avr/5.4.0/avr5\libgcc.a(_udivmodsi4.o)
                0x000037d6                __udivmodsi4
 .text.libgcc   0x0000381a        0xc d:/program files (x86)/atmel/studio/7.0/toolchain/avr8/avr8-gnu-toolchain/bin/../lib/gcc/avr/5.4.0/avr5\libgcc.a(_tablejump2.o)
                0x0000381a                __tablejump2__
 .text.avr-libc
                0x00003826       0x10 d:/program files (x86)/atmel/studio/7.0/toolchain/avr8/avr8-gnu-toolchain/bin/../lib/gcc/avr/5.4.0/../../../../avr/lib/avr5\libatmega328p.a(eerd_byte.o)
                0x00003826                eeprom_read_byte
 .text.avr-libc
                0x00003836       0x24 d:/program files (x86)/atmel/studio/7.0/toolchain/avr8/avr8-gnu-toolchain/bin/../lib/gcc/avr/5.4.0/../../../../avr/lib/avr5\libatmega328p.a(eeupd_byte.o)
                0x00003836                eeprom_update_byte
                0x00003838                eeprom_update_r18
                0x0000385a                . = ALIGN (0x2)
 *(.fini9)
 .fini9         0x0000385a        0x0 d:/program files (x86)/atmel/studio/7.0/toolchain/avr8/avr8-gnu-toolchain/bin/../lib/gcc/avr/5.4.0/avr5\libgcc.a(_exit.o)
                0x0000385a                _exit
                0x0000385a                exit
 *(.fini9)
 *(.fini8)
 *(.fini8)
 *(.fini7)
 *(.fini7)
 *(.fini6)
 *(.fini6)
 *(.fini5)
 *(.fini5)
 *(.fini4)
 *(.fini4)
 *(.fini3)
 *(.fini3)
 *(.fini2)
 *(.fini2)
 *(.fini1)
 *(.fini1)
 *(.fini0)
 .fini0         0x0000385a        0x4 d:/program files (x86)/atmel/studio/7.0/toolchain/avr8/avr8-gnu-toolchain/bin/../lib/gcc/avr/5.4.0/avr5\libgcc.a(_exit.o)
 *(.fini0)
                0x0000385e                _etext = .

.data           0x00800100       0x1c load address 0x0000385e
                0x00800100                PROVIDE (__data_start, .)
 *(.data)
 *(.data*)
 .data.currentColor
                0x00800100        0x2 LED.o
                0x00800100                currentColor
 .data.LED_turnPercent
                0x00800102        0x1 LED.o
                0x00800102                LED_turnPercent
 .data.LED_percent
                0x00800103        0x1 LED.o
                0x00800103                LED_percent
 .data.LED_speed
                0x00800104        0x2 LED.o
                0x00800104                LED_speed
 .data.alarmMode
                0x00800106        0x2 main.o
                0x00800106                alarmMode
 .data.currentState
                0x00800108        0x2 main.o
                0x00800108                currentState
 .data.vibrState
                0x0080010a        0x1 main.o
                0x0080010a                vibrState
 .data.blinkState
                0x0080010b        0x1 main.o
                0x0080010b                blinkState
 *(.rodata)
 *(.rodata*)
 .rodata._ZL14digitToSegment
                0x0080010c       0x10 TM1637Display.o
 *(.gnu.linkonce.d*)
                0x0080011c                . = ALIGN (0x2)
                0x0080011c                _edata = .
                0x0080011c                PROVIDE (__data_end, .)

.bss            0x0080011c       0x9f
                0x0080011c                PROVIDE (__bss_start, .)
 *(.bss)
 *(.bss*)
 .bss._ZZ9IRLdecodeILh66ELj53298ELj5358ELj3384ELj1974ELj0ELj1128ELj0ELj0EEbjPhE5count
                0x0080011c        0x1 infrared.o
                0x0080011c                _ZZ9IRLdecodeILh66ELj53298ELj5358ELj3384ELj1974ELj0ELj1128ELj0ELj0EEbjPhE5count
 .bss._ZZ9decodeNecILb0EEvjE4data
                0x0080011d        0x4 infrared.o
                0x0080011d                _ZZ9decodeNecILb0EEvjE4data
 .bss.lastCommand
                0x00800121        0x2 infrared.o
                0x00800121                lastCommand
 .bss.IRCommand
                0x00800123        0x2 infrared.o
                0x00800123                IRCommand
 .bss.IRAddress
                0x00800125        0x2 infrared.o
                0x00800125                IRAddress
 .bss.IRProtocol
                0x00800127        0x1 infrared.o
                0x00800127                IRProtocol
 .bss.IRL_LastTime
                0x00800128        0x4 IRLremote.o
                0x00800128                IRL_LastTime
 .bss.timer0_overflows
                0x0080012c        0x2 timer0.o
                0x0080012c                timer0_overflows
 .bss.timer0_fract
                0x0080012e        0x4 timer0.o
                0x0080012e                timer0_fract
 .bss.timer0_millis
                0x00800132        0x4 timer0.o
                0x00800132                timer0_millis
 .bss.LED_State
                0x00800136        0x2 LED.o
                0x00800136                LED_State
 .bss.LED_Power
                0x00800138        0x1 LED.o
                0x00800138                LED_Power
 .bss.LED_timer
                0x00800139        0x1 LED.o
                0x00800139                LED_timer
 .bss.diffBlue  0x0080013a        0x2 LED.o
                0x0080013a                diffBlue
 .bss.diffGreen
                0x0080013c        0x2 LED.o
                0x0080013c                diffGreen
 .bss.diffRed   0x0080013e        0x2 LED.o
                0x0080013e                diffRed
 .bss.firstRGB  0x00800140        0x3 LED.o
                0x00800140                firstRGB
 .bss.LED_lastColor
                0x00800143        0x3 LED.o
                0x00800143                LED_lastColor
 .bss.LED_turningColor
                0x00800146        0x3 LED.o
                0x00800146                LED_turningColor
 .bss.LED_currentColor
                0x00800149        0x3 LED.o
                0x00800149                LED_currentColor
 .bss.currentSwitch
                0x0080014c        0x2 main.o
                0x0080014c                currentSwitch
 .bss.alarmState
                0x0080014e        0x2 main.o
                0x0080014e                alarmState
 .bss.A2_triggers
                0x00800150        0x1 main.o
                0x00800150                A2_triggers
 .bss.A1_triggers
                0x00800151        0x1 main.o
                0x00800151                A1_triggers
 .bss.remote_received
                0x00800152        0x1 main.o
                0x00800152                remote_received
 .bss.button2_longclicks
                0x00800153        0x1 main.o
                0x00800153                button2_longclicks
 .bss.button2_clicks
                0x00800154        0x1 main.o
                0x00800154                button2_clicks
 .bss.button1_longclicks
                0x00800155        0x1 main.o
                0x00800155                button1_longclicks
 .bss.button1_clicks
                0x00800156        0x1 main.o
                0x00800156                button1_clicks
 .bss.snooze_longclicks
                0x00800157        0x1 main.o
                0x00800157                snooze_longclicks
 .bss.snooze_clicks
                0x00800158        0x1 main.o
                0x00800158                snooze_clicks
 .bss.night     0x00800159        0x1 main.o
                0x00800159                night
 .bss.snoozeState
                0x0080015a        0x1 main.o
                0x0080015a                snoozeState
 .bss.interruptFlags
                0x0080015b        0x1 main.o
                0x0080015b                interruptFlags
 .bss.buttonStates
                0x0080015c        0x1 main.o
                0x0080015c                buttonStates
 .bss.seconds   0x0080015d        0x1 main.o
                0x0080015d                seconds
 .bss.counter   0x0080015e        0x1 main.o
                0x0080015e                counter
 .bss.alarmAttempts
                0x0080015f        0x1 main.o
                0x0080015f                alarmAttempts
 .bss.alarmMinute
                0x00800160        0x1 main.o
                0x00800160                alarmMinute
 .bss.alarmHour
                0x00800161        0x1 main.o
                0x00800161                alarmHour
 .bss.snoozeStartTime
                0x00800162        0x4 main.o
                0x00800162                snoozeStartTime
 .bss.prevTime3
                0x00800166        0x4 main.o
                0x00800166                prevTime3
 .bss.prevTime2
                0x0080016a        0x4 main.o
                0x0080016a                prevTime2
 .bss.prevTime  0x0080016e        0x4 main.o
                0x0080016e                prevTime
 .bss.alarmTime
                0x00800172        0x3 main.o
                0x00800172                alarmTime
 .bss.t         0x00800175        0x3 main.o
                0x00800175                t
 .bss.button2   0x00800178       0x15 main.o
                0x00800178                button2
 .bss.button1   0x0080018d       0x15 main.o
                0x0080018d                button1
 .bss.snooze    0x008001a2       0x15 main.o
                0x008001a2                snooze
 .bss.rtc       0x008001b7        0x1 main.o
                0x008001b7                rtc
 .bss.tm        0x008001b8        0x3 main.o
                0x008001b8                tm
 *(COMMON)
                0x008001bb                PROVIDE (__bss_end, .)
                0x0000385e                __data_load_start = LOADADDR (.data)
                0x0000387a                __data_load_end = (__data_load_start + SIZEOF (.data))

.noinit         0x008001bb        0x0
                [!provide]                PROVIDE (__noinit_start, .)
 *(.noinit*)
                [!provide]                PROVIDE (__noinit_end, .)
                0x008001bb                _end = .
                [!provide]                PROVIDE (__heap_start, .)

.eeprom         0x00810000        0x0
 *(.eeprom*)
                0x00810000                __eeprom_end = .

.fuse
 *(.fuse)
 *(.lfuse)
 *(.hfuse)
 *(.efuse)

.lock
 *(.lock*)

.signature
 *(.signature*)

.user_signatures
 *(.user_signatures*)

.stab
 *(.stab)

.stabstr
 *(.stabstr)

.stab.excl
 *(.stab.excl)

.stab.exclstr
 *(.stab.exclstr)

.stab.index
 *(.stab.index)

.stab.indexstr
 *(.stab.indexstr)

.comment        0x00000000       0x30
 *(.comment)
 .comment       0x00000000       0x30 DS3231.o
                                 0x31 (size before relaxing)
 .comment       0x00000030       0x31 infrared.o
 .comment       0x00000030       0x31 inits.o
 .comment       0x00000030       0x31 IRLremote.o
 .comment       0x00000030       0x31 timer0.o
 .comment       0x00000030       0x31 display.o
 .comment       0x00000030       0x31 i2cmaster.o
 .comment       0x00000030       0x31 LED.o
 .comment       0x00000030       0x31 main.o
 .comment       0x00000030       0x31 OneButton2.o
 .comment       0x00000030       0x31 RGB_vector.o
 .comment       0x00000030       0x31 TM1637Display.o

.note.gnu.avr.deviceinfo
                0x00000000       0x40
 .note.gnu.avr.deviceinfo
                0x00000000       0x40 d:/program files (x86)/atmel/studio/7.0/toolchain/avr8/avr8-gnu-toolchain/bin/../lib/gcc/avr/5.4.0/../../../../avr/lib/avr5/crtatmega328p.o

.note.gnu.build-id
 *(.note.gnu.build-id)

.debug
 *(.debug)

.line
 *(.line)

.debug_srcinfo
 *(.debug_srcinfo)

.debug_sfnames
 *(.debug_sfnames)

.debug_aranges  0x00000000      0x498
 *(.debug_aranges)
 .debug_aranges
                0x00000000      0x128 DS3231.o
 .debug_aranges
                0x00000128       0x30 infrared.o
 .debug_aranges
                0x00000158       0x30 inits.o
 .debug_aranges
                0x00000188       0x18 IRLremote.o
 .debug_aranges
                0x000001a0       0x38 timer0.o
 .debug_aranges
                0x000001d8       0x40 display.o
 .debug_aranges
                0x00000218       0x58 i2cmaster.o
 .debug_aranges
                0x00000270       0xb8 LED.o
 .debug_aranges
                0x00000328       0xa0 main.o
 .debug_aranges
                0x000003c8       0x58 OneButton2.o
 .debug_aranges
                0x00000420       0x20 RGB_vector.o
 .debug_aranges
                0x00000440       0x58 TM1637Display.o

.debug_pubnames
 *(.debug_pubnames)

.debug_info     0x00000000     0x766c
 *(.debug_info .gnu.linkonce.wi.*)
 .debug_info    0x00000000      0x5f4 d:/program files (x86)/atmel/studio/7.0/toolchain/avr8/avr8-gnu-toolchain/bin/../lib/gcc/avr/5.4.0/../../../../avr/lib/avr5/crtatmega328p.o
 .debug_info    0x000005f4     0x1985 DS3231.o
 .debug_info    0x00001f79      0xa21 infrared.o
 .debug_info    0x0000299a      0x905 inits.o
 .debug_info    0x0000329f       0x90 IRLremote.o
 .debug_info    0x0000332f      0x13f timer0.o
 .debug_info    0x0000346e      0x5fd display.o
 .debug_info    0x00003a6b      0x1d5 i2cmaster.o
 .debug_info    0x00003c40      0xc4a LED.o
 .debug_info    0x0000488a     0x1e65 main.o
 .debug_info    0x000066ef      0x4c0 OneButton2.o
 .debug_info    0x00006baf      0x12b RGB_vector.o
 .debug_info    0x00006cda      0x992 TM1637Display.o

.debug_abbrev   0x00000000     0x1c06
 *(.debug_abbrev)
 .debug_abbrev  0x00000000      0x5a2 d:/program files (x86)/atmel/studio/7.0/toolchain/avr8/avr8-gnu-toolchain/bin/../lib/gcc/avr/5.4.0/../../../../avr/lib/avr5/crtatmega328p.o
 .debug_abbrev  0x000005a2      0x2f5 DS3231.o
 .debug_abbrev  0x00000897      0x2e2 infrared.o
 .debug_abbrev  0x00000b79      0x189 inits.o
 .debug_abbrev  0x00000d02       0x5c IRLremote.o
 .debug_abbrev  0x00000d5e       0xac timer0.o
 .debug_abbrev  0x00000e0a      0x1d1 display.o
 .debug_abbrev  0x00000fdb       0xe9 i2cmaster.o
 .debug_abbrev  0x000010c4      0x29d LED.o
 .debug_abbrev  0x00001361      0x3a2 main.o
 .debug_abbrev  0x00001703      0x1b0 OneButton2.o
 .debug_abbrev  0x000018b3       0xce RGB_vector.o
 .debug_abbrev  0x00001981      0x285 TM1637Display.o

.debug_line     0x00000000     0x2f68
 *(.debug_line .debug_line.* .debug_line_end)
 .debug_line    0x00000000       0x1a d:/program files (x86)/atmel/studio/7.0/toolchain/avr8/avr8-gnu-toolchain/bin/../lib/gcc/avr/5.4.0/../../../../avr/lib/avr5/crtatmega328p.o
 .debug_line    0x0000001a      0x7e8 DS3231.o
 .debug_line    0x00000802      0x4c2 infrared.o
 .debug_line    0x00000cc4      0x14c inits.o
 .debug_line    0x00000e10       0xa1 IRLremote.o
 .debug_line    0x00000eb1      0x135 timer0.o
 .debug_line    0x00000fe6      0x203 display.o
 .debug_line    0x000011e9      0x27a i2cmaster.o
 .debug_line    0x00001463      0x73f LED.o
 .debug_line    0x00001ba2      0xd60 main.o
 .debug_line    0x00002902      0x275 OneButton2.o
 .debug_line    0x00002b77       0xc3 RGB_vector.o
 .debug_line    0x00002c3a      0x32e TM1637Display.o

.debug_frame    0x00000000      0xc1c
 *(.debug_frame)
 .debug_frame   0x00000000      0x3f4 DS3231.o
 .debug_frame   0x000003f4       0x94 infrared.o
 .debug_frame   0x00000488       0x44 inits.o
 .debug_frame   0x000004cc       0x9c timer0.o
 .debug_frame   0x00000568       0xc8 display.o
 .debug_frame   0x00000630       0xa0 i2cmaster.o
 .debug_frame   0x000006d0      0x210 LED.o
 .debug_frame   0x000008e0      0x1ac main.o
 .debug_frame   0x00000a8c       0xb8 OneButton2.o
 .debug_frame   0x00000b44       0x24 RGB_vector.o
 .debug_frame   0x00000b68       0xb4 TM1637Display.o

.debug_str      0x00000000     0x1ddd
 *(.debug_str)
 .debug_str     0x00000000      0x208 d:/program files (x86)/atmel/studio/7.0/toolchain/avr8/avr8-gnu-toolchain/bin/../lib/gcc/avr/5.4.0/../../../../avr/lib/avr5/crtatmega328p.o
 .debug_str     0x00000208      0x7ff DS3231.o
                                0x848 (size before relaxing)
 .debug_str     0x00000a07      0x69c infrared.o
                                0x871 (size before relaxing)
 .debug_str     0x000010a3      0x2a0 inits.o
                                0x9a0 (size before relaxing)
 .debug_str     0x00001343       0x13 IRLremote.o
                                0x1ca (size before relaxing)
 .debug_str     0x00001356       0x71 timer0.o
                                0x222 (size before relaxing)
 .debug_str     0x000013c7      0x256 display.o
                                0x427 (size before relaxing)
 .debug_str     0x0000161d       0x30 i2cmaster.o
                                0x28e (size before relaxing)
 .debug_str     0x0000164d      0x2ae LED.o
                                0x7a8 (size before relaxing)
 .debug_str     0x000018fb      0x3cc main.o
                               0x134a (size before relaxing)
 .debug_str     0x00001cc7       0x47 OneButton2.o
                                0x440 (size before relaxing)
 .debug_str     0x00001d0e       0x35 RGB_vector.o
                                0x207 (size before relaxing)
 .debug_str     0x00001d43       0x9a TM1637Display.o
                                0x3c1 (size before relaxing)

.debug_loc      0x00000000     0x3982
 *(.debug_loc)
 .debug_loc     0x00000000     0x1970 DS3231.o
 .debug_loc     0x00001970      0x3c7 infrared.o
 .debug_loc     0x00001d37      0x195 timer0.o
 .debug_loc     0x00001ecc      0x3c0 display.o
 .debug_loc     0x0000228c      0x12d i2cmaster.o
 .debug_loc     0x000023b9      0xa58 LED.o
 .debug_loc     0x00002e11      0x37c main.o
 .debug_loc     0x0000318d      0x109 OneButton2.o
 .debug_loc     0x00003296      0x6ec TM1637Display.o

.debug_macinfo
 *(.debug_macinfo)

.debug_weaknames
 *(.debug_weaknames)

.debug_funcnames
 *(.debug_funcnames)

.debug_typenames
 *(.debug_typenames)

.debug_varnames
 *(.debug_varnames)

.debug_pubtypes
 *(.debug_pubtypes)

.debug_ranges   0x00000000      0x430
 *(.debug_ranges)
 .debug_ranges  0x00000000      0x118 DS3231.o
 .debug_ranges  0x00000118       0x68 infrared.o
 .debug_ranges  0x00000180       0x20 inits.o
 .debug_ranges  0x000001a0       0x28 timer0.o
 .debug_ranges  0x000001c8       0x30 display.o
 .debug_ranges  0x000001f8       0x48 i2cmaster.o
 .debug_ranges  0x00000240       0xa8 LED.o
 .debug_ranges  0x000002e8       0xa8 main.o
 .debug_ranges  0x00000390       0x48 OneButton2.o
 .debug_ranges  0x000003d8       0x10 RGB_vector.o
 .debug_ranges  0x000003e8       0x48 TM1637Display.o

.debug_macro
 *(.debug_macro)
OUTPUT(Wecker 2.0.elf elf32-avr)
LOAD linker stubs
